    2:     2:  1: File (
    2:     2:  1: . StatementList (
    2:     2:  1: . . Statement (
    2:     2:  1: . . . DeclStmt (
    2:     2:  1: . . . . GenDecl(param) (
    2:     2:  1: . . . . . "param"
    8:     2:  7: . . . . . "("
    9:     2:  8: . . . . . paramSpec (
    9:     2:  8: . . . . . . IDENT a
   10:     2:  9: . . . . . . ","
   12:     2: 11: . . . . . )
   12:     2: 11: . . . . . paramSpec (
   12:     2: 11: . . . . . . "..."
   15:     2: 14: . . . . . . IDENT args
   19:     2: 18: . . . . . )
   19:     2: 18: . . . . . ")"
   20:     2: 19: . . . . . ";"
   21:     3:  1: . . . . )
   21:     3:  1: . . . )
   21:     3:  1: . . )
   21:     3:  1: . . Statement (
   21:     3:  1: . . . DeclStmt (
   21:     3:  1: . . . . GenDecl(global) (
   21:     3:  1: . . . . . "global"
   28:     3:  8: . . . . . "("
   29:     3:  9: . . . . . globalSpec (
   29:     3:  9: . . . . . . IDENT x
   30:     3: 10: . . . . . . ","
   32:     3: 12: . . . . . )
   32:     3: 12: . . . . . globalSpec (
   32:     3: 12: . . . . . . IDENT y
   33:     3: 13: . . . . . )
   33:     3: 13: . . . . . ")"
   34:     3: 14: . . . . . ";"
   35:     4:  1: . . . . )
   35:     4:  1: . . . )
   35:     4:  1: . . )
   35:     4:  1: . . Statement (
   35:     4:  1: . . . DeclStmt (
   35:     4:  1: . . . . GenDecl(var) (
   35:     4:  1: . . . . . "var"
   39:     4:  5: . . . . . varSpec (
   39:     4:  5: . . . . . . IDENT b
   40:     4:  6: . . . . . )
   40:     4:  6: . . . . . ";"
   41:     5:  1: . . . . )
   41:     5:  1: . . . )
   41:     5:  1: . . )
   41:     5:  1: . . Statement (
   41:     5:  1: . . . DeclStmt (
   41:     5:  1: . . . . GenDecl(var) (
   41:     5:  1: . . . . . "var"
   45:     5:  5: . . . . . "("
   46:     5:  6: . . . . . varSpec (
   46:     5:  6: . . . . . . IDENT v1
   49:     5:  9: . . . . . . "="
   51:     5: 11: . . . . . . Expression (
   51:     5: 11: . . . . . . . BinaryExpression (
   51:     5: 11: . . . . . . . . UnaryExpression (
   51:     5: 11: . . . . . . . . . PrimaryExpression (
   51:     5: 11: . . . . . . . . . . Operand (
   51:     5: 11: . . . . . . . . . . . INT 1
   52:     5: 12: . . . . . . . . . . )
   52:     5: 12: . . . . . . . . . )
   52:     5: 12: . . . . . . . . )
   52:     5: 12: . . . . . . . )
   52:     5: 12: . . . . . . )
   52:     5: 12: . . . . . . ","
   54:     5: 14: . . . . . )
   54:     5: 14: . . . . . varSpec (
   54:     5: 14: . . . . . . IDENT v2
   56:     5: 16: . . . . . )
   56:     5: 16: . . . . . ")"
   57:     5: 17: . . . . . ";"
   58:     6:  1: . . . . )
   58:     6:  1: . . . )
   58:     6:  1: . . )
   58:     6:  1: . . Statement (
   58:     6:  1: . . . IfStmt (
   58:     6:  1: . . . . "if"
   61:     6:  4: . . . . SimpleStmt (
   61:     6:  4: . . . . . ExpressionList (
   61:     6:  4: . . . . . . Expression (
   61:     6:  4: . . . . . . . BinaryExpression (
   61:     6:  4: . . . . . . . . UnaryExpression (
   61:     6:  4: . . . . . . . . . PrimaryExpression (
   61:     6:  4: . . . . . . . . . . Operand (
   61:     6:  4: . . . . . . . . . . . IDENT w
   63:     6:  6: . . . . . . . . . . )
   63:     6:  6: . . . . . . . . . )
   63:     6:  6: . . . . . . . . )
   63:     6:  6: . . . . . . . )
   63:     6:  6: . . . . . . )
   63:     6:  6: . . . . . )
   63:     6:  6: . . . . . ":="
   66:     6:  9: . . . . . ExpressionList (
   66:     6:  9: . . . . . . Expression (
   66:     6:  9: . . . . . . . BinaryExpression (
   66:     6:  9: . . . . . . . . UnaryExpression (
   66:     6:  9: . . . . . . . . . PrimaryExpression (
   66:     6:  9: . . . . . . . . . . Operand (
   66:     6:  9: . . . . . . . . . . . STRING ""
   68:     6: 11: . . . . . . . . . . )
   68:     6: 11: . . . . . . . . . )
   68:     6: 11: . . . . . . . . )
   68:     6: 11: . . . . . . . )
   68:     6: 11: . . . . . . )
   68:     6: 11: . . . . . )
   68:     6: 11: . . . . )
   68:     6: 11: . . . . ";"
   70:     6: 13: . . . . SimpleStmt (
   70:     6: 13: . . . . . ExpressionList (
   70:     6: 13: . . . . . . Expression (
   70:     6: 13: . . . . . . . BinaryExpression (
   70:     6: 13: . . . . . . . . UnaryExpression (
   70:     6: 13: . . . . . . . . . PrimaryExpression (
   70:     6: 13: . . . . . . . . . . Operand (
   70:     6: 13: . . . . . . . . . . . IDENT w
   72:     6: 15: . . . . . . . . . . )
   72:     6: 15: . . . . . . . . . )
   72:     6: 15: . . . . . . . . )
   72:     6: 15: . . . . . . . )
   72:     6: 15: . . . . . . )
   72:     6: 15: . . . . . )
   72:     6: 15: . . . . )
   72:     6: 15: . . . . BlockStmt (
   72:     6: 15: . . . . . "{"
   75:     7:  2: . . . . . StatementList (
   75:     7:  2: . . . . . . Statement (
   75:     7:  2: . . . . . . . ReturnStmt (
   75:     7:  2: . . . . . . . . "return"
   81:     7:  8: . . . . . . . . ";"
   82:     8:  1: . . . . . . . )
   82:     8:  1: . . . . . . )
   82:     8:  1: . . . . . )
   82:     8:  1: . . . . . "}"
   83:     8:  2: . . . . )
   83:     8:  2: . . . . ";"
   84:     9:  1: . . . )
   84:     9:  1: . . )
   84:     9:  1: . . Statement (
   84:     9:  1: . . . ForStmt (
   84:     9:  1: . . . . "for"
   88:     9:  5: . . . . SimpleStmt (
   88:     9:  5: . . . . . ExpressionList (
   88:     9:  5: . . . . . . Expression (
   88:     9:  5: . . . . . . . BinaryExpression (
   88:     9:  5: . . . . . . . . UnaryExpression (
   88:     9:  5: . . . . . . . . . PrimaryExpression (
   88:     9:  5: . . . . . . . . . . Operand (
   88:     9:  5: . . . . . . . . . . . IDENT i
   90:     9:  7: . . . . . . . . . . )
   90:     9:  7: . . . . . . . . . )
   90:     9:  7: . . . . . . . . )
   90:     9:  7: . . . . . . . )
   90:     9:  7: . . . . . . )
   90:     9:  7: . . . . . )
   90:     9:  7: . . . . . ":="
   93:     9: 10: . . . . . ExpressionList (
   93:     9: 10: . . . . . . Expression (
   93:     9: 10: . . . . . . . BinaryExpression (
   93:     9: 10: . . . . . . . . UnaryExpression (
   93:     9: 10: . . . . . . . . . PrimaryExpression (
   93:     9: 10: . . . . . . . . . . Operand (
   93:     9: 10: . . . . . . . . . . . INT 0
   94:     9: 11: . . . . . . . . . . )
   94:     9: 11: . . . . . . . . . )
   94:     9: 11: . . . . . . . . )
   94:     9: 11: . . . . . . . )
   94:     9: 11: . . . . . . )
   94:     9: 11: . . . . . )
   94:     9: 11: . . . . )
   94:     9: 11: . . . . ";"
   96:     9: 13: . . . . SimpleStmt (
   96:     9: 13: . . . . . ExpressionList (
   96:     9: 13: . . . . . . Expression (
   96:     9: 13: . . . . . . . BinaryExpression (
   96:     9: 13: . . . . . . . . UnaryExpression (
   96:     9: 13: . . . . . . . . . PrimaryExpression (
   96:     9: 13: . . . . . . . . . . Operand (
   96:     9: 13: . . . . . . . . . . . IDENT i
   98:     9: 15: . . . . . . . . . . )
   98:     9: 15: . . . . . . . . . )
   98:     9: 15: . . . . . . . . )
   98:     9: 15: . . . . . . . . "<"
  100:     9: 17: . . . . . . . . BinaryExpression (
  100:     9: 17: . . . . . . . . . UnaryExpression (
  100:     9: 17: . . . . . . . . . . PrimaryExpression (
  100:     9: 17: . . . . . . . . . . . Operand (
  100:     9: 17: . . . . . . . . . . . . INT 10
  102:     9: 19: . . . . . . . . . . . )
  102:     9: 19: . . . . . . . . . . )
  102:     9: 19: . . . . . . . . . )
  102:     9: 19: . . . . . . . . )
  102:     9: 19: . . . . . . . )
  102:     9: 19: . . . . . . )
  102:     9: 19: . . . . . )
  102:     9: 19: . . . . )
  102:     9: 19: . . . . ";"
  104:     9: 21: . . . . SimpleStmt (
  104:     9: 21: . . . . . ExpressionList (
  104:     9: 21: . . . . . . Expression (
  104:     9: 21: . . . . . . . BinaryExpression (
  104:     9: 21: . . . . . . . . UnaryExpression (
  104:     9: 21: . . . . . . . . . PrimaryExpression (
  104:     9: 21: . . . . . . . . . . Operand (
  104:     9: 21: . . . . . . . . . . . IDENT i
  105:     9: 22: . . . . . . . . . . )
  105:     9: 22: . . . . . . . . . )
  105:     9: 22: . . . . . . . . )
  105:     9: 22: . . . . . . . )
  105:     9: 22: . . . . . . )
  105:     9: 22: . . . . . )
  105:     9: 22: . . . . . "++"
  108:     9: 25: . . . . )
  108:     9: 25: . . . . BlockStmt (
  108:     9: 25: . . . . . "{"
  111:    10:  2: . . . . . StatementList (
  111:    10:  2: . . . . . . Statement (
  111:    10:  2: . . . . . . . IfStmt (
  111:    10:  2: . . . . . . . . "if"
  114:    10:  5: . . . . . . . . SimpleStmt (
  114:    10:  5: . . . . . . . . . ExpressionList (
  114:    10:  5: . . . . . . . . . . Expression (
  114:    10:  5: . . . . . . . . . . . BinaryExpression (
  114:    10:  5: . . . . . . . . . . . . UnaryExpression (
  114:    10:  5: . . . . . . . . . . . . . PrimaryExpression (
  114:    10:  5: . . . . . . . . . . . . . . Operand (
  114:    10:  5: . . . . . . . . . . . . . . . IDENT i
  116:    10:  7: . . . . . . . . . . . . . . )
  116:    10:  7: . . . . . . . . . . . . . )
  116:    10:  7: . . . . . . . . . . . . )
  116:    10:  7: . . . . . . . . . . . . "=="
  119:    10: 10: . . . . . . . . . . . . BinaryExpression (
  119:    10: 10: . . . . . . . . . . . . . UnaryExpression (
  119:    10: 10: . . . . . . . . . . . . . . PrimaryExpression (
  119:    10: 10: . . . . . . . . . . . . . . . Operand (
  119:    10: 10: . . . . . . . . . . . . . . . . INT 5
  121:    10: 12: . . . . . . . . . . . . . . . )
  121:    10: 12: . . . . . . . . . . . . . . )
  121:    10: 12: . . . . . . . . . . . . . )
  121:    10: 12: . . . . . . . . . . . . )
  121:    10: 12: . . . . . . . . . . . )
  121:    10: 12: . . . . . . . . . . )
  121:    10: 12: . . . . . . . . . )
  121:    10: 12: . . . . . . . . )
  121:    10: 12: . . . . . . . . BlockStmt (
  121:    10: 12: . . . . . . . . . "{"
  125:    11:  3: . . . . . . . . . StatementList (
  125:    11:  3: . . . . . . . . . . Statement (
  125:    11:  3: . . . . . . . . . . . BranchStmt (
  125:    11:  3: . . . . . . . . . . . . "break"
  130:    11:  8: . . . . . . . . . . . . ";"
  132:    12:  2: . . . . . . . . . . . )
  132:    12:  2: . . . . . . . . . . )
  132:    12:  2: . . . . . . . . . )
  132:    12:  2: . . . . . . . . . "}"
  133:    12:  3: . . . . . . . . )
  133:    12:  3: . . . . . . . . ";"
  135:    13:  2: . . . . . . . )
  135:    13:  2: . . . . . . )
  135:    13:  2: . . . . . . Statement (
  135:    13:  2: . . . . . . . IfStmt (
  135:    13:  2: . . . . . . . . "if"
  138:    13:  5: . . . . . . . . SimpleStmt (
  138:    13:  5: . . . . . . . . . ExpressionList (
  138:    13:  5: . . . . . . . . . . Expression (
  138:    13:  5: . . . . . . . . . . . BinaryExpression (
  138:    13:  5: . . . . . . . . . . . . UnaryExpression (
  138:    13:  5: . . . . . . . . . . . . . PrimaryExpression (
  138:    13:  5: . . . . . . . . . . . . . . Operand (
  138:    13:  5: . . . . . . . . . . . . . . . IDENT i
  140:    13:  7: . . . . . . . . . . . . . . )
  140:    13:  7: . . . . . . . . . . . . . )
  140:    13:  7: . . . . . . . . . . . . )
  140:    13:  7: . . . . . . . . . . . . "=="
  143:    13: 10: . . . . . . . . . . . . BinaryExpression (
  143:    13: 10: . . . . . . . . . . . . . UnaryExpression (
  143:    13: 10: . . . . . . . . . . . . . . PrimaryExpression (
  143:    13: 10: . . . . . . . . . . . . . . . Operand (
  143:    13: 10: . . . . . . . . . . . . . . . . INT 6
  145:    13: 12: . . . . . . . . . . . . . . . )
  145:    13: 12: . . . . . . . . . . . . . . )
  145:    13: 12: . . . . . . . . . . . . . )
  145:    13: 12: . . . . . . . . . . . . )
  145:    13: 12: . . . . . . . . . . . )
  145:    13: 12: . . . . . . . . . . )
  145:    13: 12: . . . . . . . . . )
  145:    13: 12: . . . . . . . . )
  145:    13: 12: . . . . . . . . BlockStmt (
  145:    13: 12: . . . . . . . . . "{"
  149:    14:  3: . . . . . . . . . StatementList (
  149:    14:  3: . . . . . . . . . . Statement (
  149:    14:  3: . . . . . . . . . . . TryStmt (
  149:    14:  3: . . . . . . . . . . . . "try"
  153:    14:  7: . . . . . . . . . . . . BlockStmt (
  153:    14:  7: . . . . . . . . . . . . . "{"
  158:    15:  4: . . . . . . . . . . . . . StatementList (
  158:    15:  4: . . . . . . . . . . . . . . Statement (
  158:    15:  4: . . . . . . . . . . . . . . . SimpleStmt (
  158:    15:  4: . . . . . . . . . . . . . . . . ExpressionList (
  158:    15:  4: . . . . . . . . . . . . . . . . . Expression (
  158:    15:  4: . . . . . . . . . . . . . . . . . . BinaryExpression (
  158:    15:  4: . . . . . . . . . . . . . . . . . . . UnaryExpression (
  158:    15:  4: . . . . . . . . . . . . . . . . . . . . PrimaryExpression (
  158:    15:  4: . . . . . . . . . . . . . . . . . . . . . Operand (
  158:    15:  4: . . . . . . . . . . . . . . . . . . . . . . IDENT x
  159:    15:  5: . . . . . . . . . . . . . . . . . . . . . )
  159:    15:  5: . . . . . . . . . . . . . . . . . . . . . Call (
  159:    15:  5: . . . . . . . . . . . . . . . . . . . . . . "("
  160:    15:  6: . . . . . . . . . . . . . . . . . . . . . . ")"
  161:    15:  7: . . . . . . . . . . . . . . . . . . . . . )
  161:    15:  7: . . . . . . . . . . . . . . . . . . . . )
  161:    15:  7: . . . . . . . . . . . . . . . . . . . )
  161:    15:  7: . . . . . . . . . . . . . . . . . . )
  161:    15:  7: . . . . . . . . . . . . . . . . . )
  161:    15:  7: . . . . . . . . . . . . . . . . )
  161:    15:  7: . . . . . . . . . . . . . . . )
  161:    15:  7: . . . . . . . . . . . . . . . ";"
  164:    16:  3: . . . . . . . . . . . . . . )
  164:    16:  3: . . . . . . . . . . . . . )
  164:    16:  3: . . . . . . . . . . . . . "}"
  166:    16:  5: . . . . . . . . . . . . )
  166:    16:  5: . . . . . . . . . . . . CatchStmt (
  166:    16:  5: . . . . . . . . . . . . . "catch"
  172:    16: 11: . . . . . . . . . . . . . IDENT err
  176:    16: 15: . . . . . . . . . . . . . BlockStmt (
  176:    16: 15: . . . . . . . . . . . . . . "{"
  181:    17:  4: . . . . . . . . . . . . . . StatementList (
  181:    17:  4: . . . . . . . . . . . . . . . Statement (
  181:    17:  4: . . . . . . . . . . . . . . . . SimpleStmt (
  181:    17:  4: . . . . . . . . . . . . . . . . . ExpressionList (
  181:    17:  4: . . . . . . . . . . . . . . . . . . Expression (
  181:    17:  4: . . . . . . . . . . . . . . . . . . . BinaryExpression (
  181:    17:  4: . . . . . . . . . . . . . . . . . . . . UnaryExpression (
  181:    17:  4: . . . . . . . . . . . . . . . . . . . . . PrimaryExpression (
  181:    17:  4: . . . . . . . . . . . . . . . . . . . . . . Operand (
  181:    17:  4: . . . . . . . . . . . . . . . . . . . . . . . IDENT println
  188:    17: 11: . . . . . . . . . . . . . . . . . . . . . . )
  188:    17: 11: . . . . . . . . . . . . . . . . . . . . . . Call (
  188:    17: 11: . . . . . . . . . . . . . . . . . . . . . . . "("
  189:    17: 12: . . . . . . . . . . . . . . . . . . . . . . . Expression (
  189:    17: 12: . . . . . . . . . . . . . . . . . . . . . . . . BinaryExpression (
  189:    17: 12: . . . . . . . . . . . . . . . . . . . . . . . . . UnaryExpression (
  189:    17: 12: . . . . . . . . . . . . . . . . . . . . . . . . . . PrimaryExpression (
  189:    17: 12: . . . . . . . . . . . . . . . . . . . . . . . . . . . Operand (
  189:    17: 12: . . . . . . . . . . . . . . . . . . . . . . . . . . . . IDENT err
  192:    17: 15: . . . . . . . . . . . . . . . . . . . . . . . . . . . )
  192:    17: 15: . . . . . . . . . . . . . . . . . . . . . . . . . . )
  192:    17: 15: . . . . . . . . . . . . . . . . . . . . . . . . . )
  192:    17: 15: . . . . . . . . . . . . . . . . . . . . . . . . )
  192:    17: 15: . . . . . . . . . . . . . . . . . . . . . . . )
  192:    17: 15: . . . . . . . . . . . . . . . . . . . . . . . ")"
  193:    17: 16: . . . . . . . . . . . . . . . . . . . . . . )
  193:    17: 16: . . . . . . . . . . . . . . . . . . . . . )
  193:    17: 16: . . . . . . . . . . . . . . . . . . . . )
  193:    17: 16: . . . . . . . . . . . . . . . . . . . )
  193:    17: 16: . . . . . . . . . . . . . . . . . . )
  193:    17: 16: . . . . . . . . . . . . . . . . . )
  193:    17: 16: . . . . . . . . . . . . . . . . )
  193:    17: 16: . . . . . . . . . . . . . . . . ";"
  197:    18:  4: . . . . . . . . . . . . . . . )
  197:    18:  4: . . . . . . . . . . . . . . . Statement (
  197:    18:  4: . . . . . . . . . . . . . . . . ThrowStmt (
  197:    18:  4: . . . . . . . . . . . . . . . . . "throw"
  203:    18: 10: . . . . . . . . . . . . . . . . . Expression (
  203:    18: 10: . . . . . . . . . . . . . . . . . . BinaryExpression (
  203:    18: 10: . . . . . . . . . . . . . . . . . . . UnaryExpression (
  203:    18: 10: . . . . . . . . . . . . . . . . . . . . PrimaryExpression (
  203:    18: 10: . . . . . . . . . . . . . . . . . . . . . Operand (
  203:    18: 10: . . . . . . . . . . . . . . . . . . . . . . IDENT err
  206:    18: 13: . . . . . . . . . . . . . . . . . . . . . )
  206:    18: 13: . . . . . . . . . . . . . . . . . . . . )
  206:    18: 13: . . . . . . . . . . . . . . . . . . . )
  206:    18: 13: . . . . . . . . . . . . . . . . . . )
  206:    18: 13: . . . . . . . . . . . . . . . . . )
  206:    18: 13: . . . . . . . . . . . . . . . . . ";"
  209:    19:  3: . . . . . . . . . . . . . . . . )
  209:    19:  3: . . . . . . . . . . . . . . . )
  209:    19:  3: . . . . . . . . . . . . . . )
  209:    19:  3: . . . . . . . . . . . . . . "}"
  211:    19:  5: . . . . . . . . . . . . . )
  211:    19:  5: . . . . . . . . . . . . )
  211:    19:  5: . . . . . . . . . . . . FinallyStmt (
  211:    19:  5: . . . . . . . . . . . . . "finally"
  219:    19: 13: . . . . . . . . . . . . . BlockStmt (
  219:    19: 13: . . . . . . . . . . . . . . "{"
  224:    20:  4: . . . . . . . . . . . . . . StatementList (
  224:    20:  4: . . . . . . . . . . . . . . . Statement (
  224:    20:  4: . . . . . . . . . . . . . . . . ReturnStmt (
  224:    20:  4: . . . . . . . . . . . . . . . . . "return"
  231:    20: 11: . . . . . . . . . . . . . . . . . Expression (
  231:    20: 11: . . . . . . . . . . . . . . . . . . BinaryExpression (
  231:    20: 11: . . . . . . . . . . . . . . . . . . . UnaryExpression (
  231:    20: 11: . . . . . . . . . . . . . . . . . . . . PrimaryExpression (
  231:    20: 11: . . . . . . . . . . . . . . . . . . . . . Operand (
  231:    20: 11: . . . . . . . . . . . . . . . . . . . . . . IDENT v1
  233:    20: 13: . . . . . . . . . . . . . . . . . . . . . )
  233:    20: 13: . . . . . . . . . . . . . . . . . . . . )
  233:    20: 13: . . . . . . . . . . . . . . . . . . . )
  233:    20: 13: . . . . . . . . . . . . . . . . . . )
  233:    20: 13: . . . . . . . . . . . . . . . . . )
  233:    20: 13: . . . . . . . . . . . . . . . . . ";"
  236:    21:  3: . . . . . . . . . . . . . . . . )
  236:    21:  3: . . . . . . . . . . . . . . . )
  236:    21:  3: . . . . . . . . . . . . . . )
  236:    21:  3: . . . . . . . . . . . . . . "}"
  237:    21:  4: . . . . . . . . . . . . . )
  237:    21:  4: . . . . . . . . . . . . )
  237:    21:  4: . . . . . . . . . . . . ";"
  239:    22:  2: . . . . . . . . . . . )
  239:    22:  2: . . . . . . . . . . )
  239:    22:  2: . . . . . . . . . )
  239:    22:  2: . . . . . . . . . "}"
  240:    22:  3: . . . . . . . . )
  240:    22:  3: . . . . . . . . ";"
  241:    23:  1: . . . . . . . )
  241:    23:  1: . . . . . . )
  241:    23:  1: . . . . . )
  241:    23:  1: . . . . . "}"
  242:    23:  2: . . . . )
  242:    23:  2: . . . . ";"
  243:    24:  1: . . . )
  243:    24:  1: . . )
  243:    24:  1: . . Statement (
  243:    24:  1: . . . SimpleStmt (
  243:    24:  1: . . . . ExpressionList (
  243:    24:  1: . . . . . Expression (
  243:    24:  1: . . . . . . BinaryExpression (
  243:    24:  1: . . . . . . . UnaryExpression (
  243:    24:  1: . . . . . . . . PrimaryExpression (
  243:    24:  1: . . . . . . . . . Operand (
  243:    24:  1: . . . . . . . . . . IDENT counter
  251:    24:  9: . . . . . . . . . )
  251:    24:  9: . . . . . . . . )
  251:    24:  9: . . . . . . . )
  251:    24:  9: . . . . . . )
  251:    24:  9: . . . . . )
  251:    24:  9: . . . . )
  251:    24:  9: . . . . ":="
  254:    24: 12: . . . . ExpressionList (
  254:    24: 12: . . . . . Expression (
  254:    24: 12: . . . . . . BinaryExpression (
  254:    24: 12: . . . . . . . UnaryExpression (
  254:    24: 12: . . . . . . . . PrimaryExpression (
  254:    24: 12: . . . . . . . . . Operand (
  254:    24: 12: . . . . . . . . . . INT 0
  255:    24: 13: . . . . . . . . . )
  255:    24: 13: . . . . . . . . )
  255:    24: 13: . . . . . . . )
  255:    24: 13: . . . . . . )
  255:    24: 13: . . . . . )
  255:    24: 13: . . . . )
  255:    24: 13: . . . )
  255:    24: 13: . . . ";"
  256:    25:  1: . . )
  256:    25:  1: . . Statement (
  256:    25:  1: . . . ForStmt (
  256:    25:  1: . . . . "for"
  260:    25:  5: . . . . SimpleStmt (
  260:    25:  5: . . . . . ExpressionList (
  260:    25:  5: . . . . . . Expression (
  260:    25:  5: . . . . . . . BinaryExpression (
  260:    25:  5: . . . . . . . . UnaryExpression (
  260:    25:  5: . . . . . . . . . PrimaryExpression (
  260:    25:  5: . . . . . . . . . . Operand (
  260:    25:  5: . . . . . . . . . . . IDENT k
  261:    25:  6: . . . . . . . . . . )
  261:    25:  6: . . . . . . . . . )
  261:    25:  6: . . . . . . . . )
  261:    25:  6: . . . . . . . )
  261:    25:  6: . . . . . . )
  261:    25:  6: . . . . . . ","
  262:    25:  7: . . . . . . Expression (
  262:    25:  7: . . . . . . . BinaryExpression (
  262:    25:  7: . . . . . . . . UnaryExpression (
  262:    25:  7: . . . . . . . . . PrimaryExpression (
  262:    25:  7: . . . . . . . . . . Operand (
  262:    25:  7: . . . . . . . . . . . IDENT v
  264:    25:  9: . . . . . . . . . . )
  264:    25:  9: . . . . . . . . . )
  264:    25:  9: . . . . . . . . )
  264:    25:  9: . . . . . . . )
  264:    25:  9: . . . . . . )
  264:    25:  9: . . . . . )
  264:    25:  9: . . . . . "in"
  267:    25: 12: . . . . . Expression (
  267:    25: 12: . . . . . . BinaryExpression (
  267:    25: 12: . . . . . . . UnaryExpression (
  267:    25: 12: . . . . . . . . PrimaryExpression (
  267:    25: 12: . . . . . . . . . Operand (
  267:    25: 12: . . . . . . . . . . MapLit (
  267:    25: 12: . . . . . . . . . . . "{"
  268:    25: 13: . . . . . . . . . . . MapElementLit (
  268:    25: 13: . . . . . . . . . . . . IDENT a
  269:    25: 14: . . . . . . . . . . . . ":"
  271:    25: 16: . . . . . . . . . . . . Expression (
  271:    25: 16: . . . . . . . . . . . . . BinaryExpression (
  271:    25: 16: . . . . . . . . . . . . . . UnaryExpression (
  271:    25: 16: . . . . . . . . . . . . . . . PrimaryExpression (
  271:    25: 16: . . . . . . . . . . . . . . . . Operand (
  271:    25: 16: . . . . . . . . . . . . . . . . . INT 1
  272:    25: 17: . . . . . . . . . . . . . . . . )
  272:    25: 17: . . . . . . . . . . . . . . . )
  272:    25: 17: . . . . . . . . . . . . . . )
  272:    25: 17: . . . . . . . . . . . . . )
  272:    25: 17: . . . . . . . . . . . . )
  272:    25: 17: . . . . . . . . . . . )
  272:    25: 17: . . . . . . . . . . . ","
  274:    25: 19: . . . . . . . . . . . MapElementLit (
  274:    25: 19: . . . . . . . . . . . . IDENT b
  275:    25: 20: . . . . . . . . . . . . ":"
  277:    25: 22: . . . . . . . . . . . . Expression (
  277:    25: 22: . . . . . . . . . . . . . BinaryExpression (
  277:    25: 22: . . . . . . . . . . . . . . UnaryExpression (
  277:    25: 22: . . . . . . . . . . . . . . . PrimaryExpression (
  277:    25: 22: . . . . . . . . . . . . . . . . Operand (
  277:    25: 22: . . . . . . . . . . . . . . . . . INT 2
  278:    25: 23: . . . . . . . . . . . . . . . . )
  278:    25: 23: . . . . . . . . . . . . . . . )
  278:    25: 23: . . . . . . . . . . . . . . )
  278:    25: 23: . . . . . . . . . . . . . )
  278:    25: 23: . . . . . . . . . . . . )
  278:    25: 23: . . . . . . . . . . . )
  278:    25: 23: . . . . . . . . . . . "}"
  280:    25: 25: . . . . . . . . . . )
  280:    25: 25: . . . . . . . . . )
  280:    25: 25: . . . . . . . . )
  280:    25: 25: . . . . . . . )
  280:    25: 25: . . . . . . )
  280:    25: 25: . . . . . )
  280:    25: 25: . . . . )
  280:    25: 25: . . . . BlockStmt (
  280:    25: 25: . . . . . "{"
  283:    26:  2: . . . . . StatementList (
  283:    26:  2: . . . . . . Statement (
  283:    26:  2: . . . . . . . SimpleStmt (
  283:    26:  2: . . . . . . . . ExpressionList (
  283:    26:  2: . . . . . . . . . Expression (
  283:    26:  2: . . . . . . . . . . BinaryExpression (
  283:    26:  2: . . . . . . . . . . . UnaryExpression (
  283:    26:  2: . . . . . . . . . . . . PrimaryExpression (
  283:    26:  2: . . . . . . . . . . . . . Operand (
  283:    26:  2: . . . . . . . . . . . . . . IDENT counter
  290:    26:  9: . . . . . . . . . . . . . )
  290:    26:  9: . . . . . . . . . . . . )
  290:    26:  9: . . . . . . . . . . . )
  290:    26:  9: . . . . . . . . . . )
  290:    26:  9: . . . . . . . . . )
  290:    26:  9: . . . . . . . . )
  290:    26:  9: . . . . . . . . "++"
  292:    26: 11: . . . . . . . )
  292:    26: 11: . . . . . . . ";"
  294:    27:  2: . . . . . . )
  294:    27:  2: . . . . . . Statement (
  294:    27:  2: . . . . . . . SimpleStmt (
  294:    27:  2: . . . . . . . . ExpressionList (
  294:    27:  2: . . . . . . . . . Expression (
  294:    27:  2: . . . . . . . . . . BinaryExpression (
  294:    27:  2: . . . . . . . . . . . UnaryExpression (
  294:    27:  2: . . . . . . . . . . . . PrimaryExpression (
  294:    27:  2: . . . . . . . . . . . . . Operand (
  294:    27:  2: . . . . . . . . . . . . . . IDENT println
  301:    27:  9: . . . . . . . . . . . . . )
  301:    27:  9: . . . . . . . . . . . . . Call (
  301:    27:  9: . . . . . . . . . . . . . . "("
  302:    27: 10: . . . . . . . . . . . . . . Expression (
  302:    27: 10: . . . . . . . . . . . . . . . BinaryExpression (
  302:    27: 10: . . . . . . . . . . . . . . . . UnaryExpression (
  302:    27: 10: . . . . . . . . . . . . . . . . . PrimaryExpression (
  302:    27: 10: . . . . . . . . . . . . . . . . . . Operand (
  302:    27: 10: . . . . . . . . . . . . . . . . . . . IDENT k
  303:    27: 11: . . . . . . . . . . . . . . . . . . )
  303:    27: 11: . . . . . . . . . . . . . . . . . )
  303:    27: 11: . . . . . . . . . . . . . . . . )
  303:    27: 11: . . . . . . . . . . . . . . . )
  303:    27: 11: . . . . . . . . . . . . . . )
  303:    27: 11: . . . . . . . . . . . . . . ","
  305:    27: 13: . . . . . . . . . . . . . . Expression (
  305:    27: 13: . . . . . . . . . . . . . . . BinaryExpression (
  305:    27: 13: . . . . . . . . . . . . . . . . UnaryExpression (
  305:    27: 13: . . . . . . . . . . . . . . . . . PrimaryExpression (
  305:    27: 13: . . . . . . . . . . . . . . . . . . Operand (
  305:    27: 13: . . . . . . . . . . . . . . . . . . . IDENT v
  306:    27: 14: . . . . . . . . . . . . . . . . . . )
  306:    27: 14: . . . . . . . . . . . . . . . . . )
  306:    27: 14: . . . . . . . . . . . . . . . . )
  306:    27: 14: . . . . . . . . . . . . . . . )
  306:    27: 14: . . . . . . . . . . . . . . )
  306:    27: 14: . . . . . . . . . . . . . . ")"
  307:    27: 15: . . . . . . . . . . . . . )
  307:    27: 15: . . . . . . . . . . . . )
  307:    27: 15: . . . . . . . . . . . )
  307:    27: 15: . . . . . . . . . . )
  307:    27: 15: . . . . . . . . . )
  307:    27: 15: . . . . . . . . )
  307:    27: 15: . . . . . . . )
  307:    27: 15: . . . . . . . ";"
  308:    28:  1: . . . . . . )
  308:    28:  1: . . . . . )
  308:    28:  1: . . . . . "}"
  309:    28:  2: . . . . )
  309:    28:  2: . . . . ";"
  310:    29:  1: . . . )
  310:    29:  1: . . )
  310:    29:  1: . . Statement (
  310:    29:  1: . . . SimpleStmt (
  310:    29:  1: . . . . ExpressionList (
  310:    29:  1: . . . . . Expression (
  310:    29:  1: . . . . . . BinaryExpression (
  310:    29:  1: . . . . . . . UnaryExpression (
  310:    29:  1: . . . . . . . . PrimaryExpression (
  310:    29:  1: . . . . . . . . . Operand (
  310:    29:  1: . . . . . . . . . . IDENT f
  312:    29:  3: . . . . . . . . . )
  312:    29:  3: . . . . . . . . )
  312:    29:  3: . . . . . . . )
  312:    29:  3: . . . . . . )
  312:    29:  3: . . . . . )
  312:    29:  3: . . . . )
  312:    29:  3: . . . . ":="
  315:    29:  6: . . . . ExpressionList (
  315:    29:  6: . . . . . Expression (
  315:    29:  6: . . . . . . BinaryExpression (
  315:    29:  6: . . . . . . . UnaryExpression (
  315:    29:  6: . . . . . . . . PrimaryExpression (
  315:    29:  6: . . . . . . . . . Operand (
  315:    29:  6: . . . . . . . . . . FuncLit (
  315:    29:  6: . . . . . . . . . . . FuncType (
  315:    29:  6: . . . . . . . . . . . . "func"
  319:    29: 10: . . . . . . . . . . . . IdentList (
  319:    29: 10: . . . . . . . . . . . . . "("
  320:    29: 11: . . . . . . . . . . . . . ")"
  322:    29: 13: . . . . . . . . . . . . )
  322:    29: 13: . . . . . . . . . . . )
  322:    29: 13: . . . . . . . . . . . Body (
  322:    29: 13: . . . . . . . . . . . . "{"
  325:    30:  2: . . . . . . . . . . . . StatementList (
  325:    30:  2: . . . . . . . . . . . . . Statement (
  325:    30:  2: . . . . . . . . . . . . . . ReturnStmt (
  325:    30:  2: . . . . . . . . . . . . . . . "return"
  332:    30:  9: . . . . . . . . . . . . . . . Expression (
  332:    30:  9: . . . . . . . . . . . . . . . . BinaryExpression (
  332:    30:  9: . . . . . . . . . . . . . . . . . UnaryExpression (
  332:    30:  9: . . . . . . . . . . . . . . . . . . PrimaryExpression (
  332:    30:  9: . . . . . . . . . . . . . . . . . . . Operand (
  332:    30:  9: . . . . . . . . . . . . . . . . . . . . INT 0
  333:    30: 10: . . . . . . . . . . . . . . . . . . . )
  333:    30: 10: . . . . . . . . . . . . . . . . . . )
  333:    30: 10: . . . . . . . . . . . . . . . . . )
  333:    30: 10: . . . . . . . . . . . . . . . . )
  333:    30: 10: . . . . . . . . . . . . . . . )
  333:    30: 10: . . . . . . . . . . . . . . . ","
  335:    30: 12: . . . . . . . . . . . . . . . Expression (
  335:    30: 12: . . . . . . . . . . . . . . . . BinaryExpression (
  335:    30: 12: . . . . . . . . . . . . . . . . . UnaryExpression (
  335:    30: 12: . . . . . . . . . . . . . . . . . . PrimaryExpression (
  335:    30: 12: . . . . . . . . . . . . . . . . . . . Operand (
  335:    30: 12: . . . . . . . . . . . . . . . . . . . . IDENT error
  340:    30: 17: . . . . . . . . . . . . . . . . . . . )
  340:    30: 17: . . . . . . . . . . . . . . . . . . . Call (
  340:    30: 17: . . . . . . . . . . . . . . . . . . . . "("
  341:    30: 18: . . . . . . . . . . . . . . . . . . . . Expression (
  341:    30: 18: . . . . . . . . . . . . . . . . . . . . . BinaryExpression (
  341:    30: 18: . . . . . . . . . . . . . . . . . . . . . . UnaryExpression (
  341:    30: 18: . . . . . . . . . . . . . . . . . . . . . . . PrimaryExpression (
  341:    30: 18: . . . . . . . . . . . . . . . . . . . . . . . . Operand (
  341:    30: 18: . . . . . . . . . . . . . . . . . . . . . . . . . STRING "err"
  346:    30: 23: . . . . . . . . . . . . . . . . . . . . . . . . )
  346:    30: 23: . . . . . . . . . . . . . . . . . . . . . . . )
  346:    30: 23: . . . . . . . . . . . . . . . . . . . . . . )
  346:    30: 23: . . . . . . . . . . . . . . . . . . . . . )
  346:    30: 23: . . . . . . . . . . . . . . . . . . . . )
  346:    30: 23: . . . . . . . . . . . . . . . . . . . . ")"
  347:    30: 24: . . . . . . . . . . . . . . . . . . . )
  347:    30: 24: . . . . . . . . . . . . . . . . . . )
  347:    30: 24: . . . . . . . . . . . . . . . . . )
  347:    30: 24: . . . . . . . . . . . . . . . . )
  347:    30: 24: . . . . . . . . . . . . . . . )
  347:    30: 24: . . . . . . . . . . . . . . . ";"
  348:    31:  1: . . . . . . . . . . . . . . )
  348:    31:  1: . . . . . . . . . . . . . )
  348:    31:  1: . . . . . . . . . . . . )
  348:    31:  1: . . . . . . . . . . . . "}"
  349:    31:  2: . . . . . . . . . . . )
  349:    31:  2: . . . . . . . . . . )
  349:    31:  2: . . . . . . . . . )
  349:    31:  2: . . . . . . . . )
  349:    31:  2: . . . . . . . )
  349:    31:  2: . . . . . . )
  349:    31:  2: . . . . . )
  349:    31:  2: . . . . )
  349:    31:  2: . . . )
  349:    31:  2: . . . ";"
  350:    32:  1: . . )
  350:    32:  1: . . Statement (
  350:    32:  1: . . . SimpleStmt (
  350:    32:  1: . . . . ExpressionList (
  350:    32:  1: . . . . . Expression (
  350:    32:  1: . . . . . . BinaryExpression (
  350:    32:  1: . . . . . . . UnaryExpression (
  350:    32:  1: . . . . . . . . PrimaryExpression (
  350:    32:  1: . . . . . . . . . Operand (
  350:    32:  1: . . . . . . . . . . IDENT v1
  352:    32:  3: . . . . . . . . . )
  352:    32:  3: . . . . . . . . )
  352:    32:  3: . . . . . . . )
  352:    32:  3: . . . . . . )
  352:    32:  3: . . . . . )
  352:    32:  3: . . . . . ","
  354:    32:  5: . . . . . Expression (
  354:    32:  5: . . . . . . BinaryExpression (
  354:    32:  5: . . . . . . . UnaryExpression (
  354:    32:  5: . . . . . . . . PrimaryExpression (
  354:    32:  5: . . . . . . . . . Operand (
  354:    32:  5: . . . . . . . . . . IDENT v2
  357:    32:  8: . . . . . . . . . )
  357:    32:  8: . . . . . . . . )
  357:    32:  8: . . . . . . . )
  357:    32:  8: . . . . . . )
  357:    32:  8: . . . . . )
  357:    32:  8: . . . . )
  357:    32:  8: . . . . ":="
  360:    32: 11: . . . . ExpressionList (
  360:    32: 11: . . . . . Expression (
  360:    32: 11: . . . . . . BinaryExpression (
  360:    32: 11: . . . . . . . UnaryExpression (
  360:    32: 11: . . . . . . . . PrimaryExpression (
  360:    32: 11: . . . . . . . . . Operand (
  360:    32: 11: . . . . . . . . . . IDENT f
  361:    32: 12: . . . . . . . . . )
  361:    32: 12: . . . . . . . . . Call (
  361:    32: 12: . . . . . . . . . . "("
  362:    32: 13: . . . . . . . . . . ")"
  363:    32: 14: . . . . . . . . . )
  363:    32: 14: . . . . . . . . )
  363:    32: 14: . . . . . . . )
  363:    32: 14: . . . . . . )
  363:    32: 14: . . . . . )
  363:    32: 14: . . . . )
  363:    32: 14: . . . )
  363:    32: 14: . . . ";"
  364:    33:  1: . . )
  364:    33:  1: . . Statement (
  364:    33:  1: . . . SimpleStmt (
  364:    33:  1: . . . . ExpressionList (
  364:    33:  1: . . . . . Expression (
  364:    33:  1: . . . . . . BinaryExpression (
  364:    33:  1: . . . . . . . UnaryExpression (
  364:    33:  1: . . . . . . . . PrimaryExpression (
  364:    33:  1: . . . . . . . . . Operand (
  364:    33:  1: . . . . . . . . . . IDENT v3
  367:    33:  4: . . . . . . . . . )
  367:    33:  4: . . . . . . . . )
  367:    33:  4: . . . . . . . )
  367:    33:  4: . . . . . . )
  367:    33:  4: . . . . . )
  367:    33:  4: . . . . )
  367:    33:  4: . . . . ":="
  370:    33:  7: . . . . ExpressionList (
  370:    33:  7: . . . . . Expression (
  370:    33:  7: . . . . . . BinaryExpression (
  370:    33:  7: . . . . . . . UnaryExpression (
  370:    33:  7: . . . . . . . . PrimaryExpression (
  370:    33:  7: . . . . . . . . . Operand (
  370:    33:  7: . . . . . . . . . . ArrayLit (
  370:    33:  7: . . . . . . . . . . . "["
  371:    33:  8: . . . . . . . . . . . Expression (
  371:    33:  8: . . . . . . . . . . . . BinaryExpression (
  371:    33:  8: . . . . . . . . . . . . . UnaryExpression (
  371:    33:  8: . . . . . . . . . . . . . . PrimaryExpression (
  371:    33:  8: . . . . . . . . . . . . . . . Operand (
  371:    33:  8: . . . . . . . . . . . . . . . . IDENT v1
  373:    33: 10: . . . . . . . . . . . . . . . )
  373:    33: 10: . . . . . . . . . . . . . . )
  373:    33: 10: . . . . . . . . . . . . . )
  373:    33: 10: . . . . . . . . . . . . . "*"
  374:    33: 11: . . . . . . . . . . . . . BinaryExpression (
  374:    33: 11: . . . . . . . . . . . . . . UnaryExpression (
  374:    33: 11: . . . . . . . . . . . . . . . PrimaryExpression (
  374:    33: 11: . . . . . . . . . . . . . . . . Operand (
  374:    33: 11: . . . . . . . . . . . . . . . . . IDENT counter
  381:    33: 18: . . . . . . . . . . . . . . . . )
  381:    33: 18: . . . . . . . . . . . . . . . )
  381:    33: 18: . . . . . . . . . . . . . . )
  381:    33: 18: . . . . . . . . . . . . . )
  381:    33: 18: . . . . . . . . . . . . )
  381:    33: 18: . . . . . . . . . . . )
  381:    33: 18: . . . . . . . . . . . ","
  383:    33: 20: . . . . . . . . . . . Expression (
  383:    33: 20: . . . . . . . . . . . . BinaryExpression (
  383:    33: 20: . . . . . . . . . . . . . UnaryExpression (
  383:    33: 20: . . . . . . . . . . . . . . PrimaryExpression (
  383:    33: 20: . . . . . . . . . . . . . . . Operand (
  383:    33: 20: . . . . . . . . . . . . . . . . IDENT v2
  385:    33: 22: . . . . . . . . . . . . . . . )
  385:    33: 22: . . . . . . . . . . . . . . )
  385:    33: 22: . . . . . . . . . . . . . )
  385:    33: 22: . . . . . . . . . . . . . "/"
  386:    33: 23: . . . . . . . . . . . . . BinaryExpression (
  386:    33: 23: . . . . . . . . . . . . . . UnaryExpression (
  386:    33: 23: . . . . . . . . . . . . . . . PrimaryExpression (
  386:    33: 23: . . . . . . . . . . . . . . . . Operand (
  386:    33: 23: . . . . . . . . . . . . . . . . . IDENT counter
  393:    33: 30: . . . . . . . . . . . . . . . . )
  393:    33: 30: . . . . . . . . . . . . . . . )
  393:    33: 30: . . . . . . . . . . . . . . )
  393:    33: 30: . . . . . . . . . . . . . )
  393:    33: 30: . . . . . . . . . . . . )
  393:    33: 30: . . . . . . . . . . . )
  393:    33: 30: . . . . . . . . . . . ","
  395:    33: 32: . . . . . . . . . . . Expression (
  395:    33: 32: . . . . . . . . . . . . BinaryExpression (
  395:    33: 32: . . . . . . . . . . . . . UnaryExpression (
  395:    33: 32: . . . . . . . . . . . . . . PrimaryExpression (
  395:    33: 32: . . . . . . . . . . . . . . . Operand (
  395:    33: 32: . . . . . . . . . . . . . . . . UINT 3u
  397:    33: 34: . . . . . . . . . . . . . . . )
  397:    33: 34: . . . . . . . . . . . . . . )
  397:    33: 34: . . . . . . . . . . . . . )
  397:    33: 34: . . . . . . . . . . . . )
  397:    33: 34: . . . . . . . . . . . )
  397:    33: 34: . . . . . . . . . . . ","
  400:    34:  2: . . . . . . . . . . . Expression (
  400:    34:  2: . . . . . . . . . . . . BinaryExpression (
  400:    34:  2: . . . . . . . . . . . . . UnaryExpression (
  400:    34:  2: . . . . . . . . . . . . . . PrimaryExpression (
  400:    34:  2: . . . . . . . . . . . . . . . Operand (
  400:    34:  2: . . . . . . . . . . . . . . . . FLOAT 4.7
  403:    34:  5: . . . . . . . . . . . . . . . )
  403:    34:  5: . . . . . . . . . . . . . . )
  403:    34:  5: . . . . . . . . . . . . . )
  403:    34:  5: . . . . . . . . . . . . )
  403:    34:  5: . . . . . . . . . . . )
  403:    34:  5: . . . . . . . . . . . ","
  405:    34:  7: . . . . . . . . . . . Expression (
  405:    34:  7: . . . . . . . . . . . . BinaryExpression (
  405:    34:  7: . . . . . . . . . . . . . UnaryExpression (
  405:    34:  7: . . . . . . . . . . . . . . PrimaryExpression (
  405:    34:  7: . . . . . . . . . . . . . . . Operand (
  405:    34:  7: . . . . . . . . . . . . . . . . CHAR 'y'
  408:    34: 10: . . . . . . . . . . . . . . . )
  408:    34: 10: . . . . . . . . . . . . . . )
  408:    34: 10: . . . . . . . . . . . . . )
  408:    34: 10: . . . . . . . . . . . . )
  408:    34: 10: . . . . . . . . . . . )
  408:    34: 10: . . . . . . . . . . . "]"
  409:    34: 11: . . . . . . . . . . )
  409:    34: 11: . . . . . . . . . )
  409:    34: 11: . . . . . . . . )
  409:    34: 11: . . . . . . . )
  409:    34: 11: . . . . . . )
  409:    34: 11: . . . . . )
  409:    34: 11: . . . . )
  409:    34: 11: . . . )
  409:    34: 11: . . . ";"
  410:    35:  1: . . )
  410:    35:  1: . . Statement (
  410:    35:  1: . . . SimpleStmt (
  410:    35:  1: . . . . ExpressionList (
  410:    35:  1: . . . . . Expression (
  410:    35:  1: . . . . . . BinaryExpression (
  410:    35:  1: . . . . . . . UnaryExpression (
  410:    35:  1: . . . . . . . . PrimaryExpression (
  410:    35:  1: . . . . . . . . . Operand (
  410:    35:  1: . . . . . . . . . . IDENT v3
  412:    35:  3: . . . . . . . . . )
  412:    35:  3: . . . . . . . . . IndexOrSlice (
  412:    35:  3: . . . . . . . . . . "["
  413:    35:  4: . . . . . . . . . . Expression (
  413:    35:  4: . . . . . . . . . . . BinaryExpression (
  413:    35:  4: . . . . . . . . . . . . UnaryExpression (
  413:    35:  4: . . . . . . . . . . . . . PrimaryExpression (
  413:    35:  4: . . . . . . . . . . . . . . Operand (
  413:    35:  4: . . . . . . . . . . . . . . . INT 1
  414:    35:  5: . . . . . . . . . . . . . . )
  414:    35:  5: . . . . . . . . . . . . . )
  414:    35:  5: . . . . . . . . . . . . )
  414:    35:  5: . . . . . . . . . . . )
  414:    35:  5: . . . . . . . . . . )
  414:    35:  5: . . . . . . . . . . "]"
  415:    35:  6: . . . . . . . . . )
  415:    35:  6: . . . . . . . . )
  415:    35:  6: . . . . . . . )
  415:    35:  6: . . . . . . )
  415:    35:  6: . . . . . )
  415:    35:  6: . . . . )
  415:    35:  6: . . . )
  415:    35:  6: . . . ";"
  416:    36:  1: . . )
  416:    36:  1: . . Statement (
  416:    36:  1: . . . SimpleStmt (
  416:    36:  1: . . . . ExpressionList (
  416:    36:  1: . . . . . Expression (
  416:    36:  1: . . . . . . BinaryExpression (
  416:    36:  1: . . . . . . . UnaryExpression (
  416:    36:  1: . . . . . . . . PrimaryExpression (
  416:    36:  1: . . . . . . . . . Operand (
  416:    36:  1: . . . . . . . . . . IDENT v3
  418:    36:  3: . . . . . . . . . )
  418:    36:  3: . . . . . . . . . IndexOrSlice (
  418:    36:  3: . . . . . . . . . . "["
  419:    36:  4: . . . . . . . . . . Expression (
  419:    36:  4: . . . . . . . . . . . BinaryExpression (
  419:    36:  4: . . . . . . . . . . . . UnaryExpression (
  419:    36:  4: . . . . . . . . . . . . . PrimaryExpression (
  419:    36:  4: . . . . . . . . . . . . . . Operand (
  419:    36:  4: . . . . . . . . . . . . . . . INT 1
  420:    36:  5: . . . . . . . . . . . . . . )
  420:    36:  5: . . . . . . . . . . . . . )
  420:    36:  5: . . . . . . . . . . . . )
  420:    36:  5: . . . . . . . . . . . )
  420:    36:  5: . . . . . . . . . . )
  420:    36:  5: . . . . . . . . . . ":"
  421:    36:  6: . . . . . . . . . . "]"
  422:    36:  7: . . . . . . . . . )
  422:    36:  7: . . . . . . . . )
  422:    36:  7: . . . . . . . )
  422:    36:  7: . . . . . . )
  422:    36:  7: . . . . . )
  422:    36:  7: . . . . )
  422:    36:  7: . . . )
  422:    36:  7: . . . ";"
  423:    37:  1: . . )
  423:    37:  1: . . Statement (
  423:    37:  1: . . . SimpleStmt (
  423:    37:  1: . . . . ExpressionList (
  423:    37:  1: . . . . . Expression (
  423:    37:  1: . . . . . . BinaryExpression (
  423:    37:  1: . . . . . . . UnaryExpression (
  423:    37:  1: . . . . . . . . PrimaryExpression (
  423:    37:  1: . . . . . . . . . Operand (
  423:    37:  1: . . . . . . . . . . IDENT v3
  425:    37:  3: . . . . . . . . . )
  425:    37:  3: . . . . . . . . . IndexOrSlice (
  425:    37:  3: . . . . . . . . . . "["
  426:    37:  4: . . . . . . . . . . ":"
  427:    37:  5: . . . . . . . . . . Expression (
  427:    37:  5: . . . . . . . . . . . BinaryExpression (
  427:    37:  5: . . . . . . . . . . . . UnaryExpression (
  427:    37:  5: . . . . . . . . . . . . . PrimaryExpression (
  427:    37:  5: . . . . . . . . . . . . . . Operand (
  427:    37:  5: . . . . . . . . . . . . . . . INT 2
  428:    37:  6: . . . . . . . . . . . . . . )
  428:    37:  6: . . . . . . . . . . . . . )
  428:    37:  6: . . . . . . . . . . . . )
  428:    37:  6: . . . . . . . . . . . )
  428:    37:  6: . . . . . . . . . . )
  428:    37:  6: . . . . . . . . . . "]"
  429:    37:  7: . . . . . . . . . )
  429:    37:  7: . . . . . . . . )
  429:    37:  7: . . . . . . . )
  429:    37:  7: . . . . . . )
  429:    37:  7: . . . . . )
  429:    37:  7: . . . . )
  429:    37:  7: . . . )
  429:    37:  7: . . . ";"
  430:    38:  1: . . )
  430:    38:  1: . . Statement (
  430:    38:  1: . . . SimpleStmt (
  430:    38:  1: . . . . ExpressionList (
  430:    38:  1: . . . . . Expression (
  430:    38:  1: . . . . . . BinaryExpression (
  430:    38:  1: . . . . . . . UnaryExpression (
  430:    38:  1: . . . . . . . . PrimaryExpression (
  430:    38:  1: . . . . . . . . . Operand (
  430:    38:  1: . . . . . . . . . . IDENT v3
  432:    38:  3: . . . . . . . . . )
  432:    38:  3: . . . . . . . . . IndexOrSlice (
  432:    38:  3: . . . . . . . . . . "["
  433:    38:  4: . . . . . . . . . . ":"
  434:    38:  5: . . . . . . . . . . "]"
  435:    38:  6: . . . . . . . . . )
  435:    38:  6: . . . . . . . . )
  435:    38:  6: . . . . . . . )
  435:    38:  6: . . . . . . )
  435:    38:  6: . . . . . )
  435:    38:  6: . . . . )
  435:    38:  6: . . . )
  435:    38:  6: . . . ";"
  436:    39:  1: . . )
  436:    39:  1: . . Statement (
  436:    39:  1: . . . SimpleStmt (
  436:    39:  1: . . . . ExpressionList (
  436:    39:  1: . . . . . Expression (
  436:    39:  1: . . . . . . BinaryExpression (
  436:    39:  1: . . . . . . . UnaryExpression (
  436:    39:  1: . . . . . . . . PrimaryExpression (
  436:    39:  1: . . . . . . . . . Operand (
  436:    39:  1: . . . . . . . . . . IDENT _
  438:    39:  3: . . . . . . . . . )
  438:    39:  3: . . . . . . . . )
  438:    39:  3: . . . . . . . )
  438:    39:  3: . . . . . . )
  438:    39:  3: . . . . . )
  438:    39:  3: . . . . )
  438:    39:  3: . . . . ":="
  441:    39:  6: . . . . ExpressionList (
  441:    39:  6: . . . . . Expression (
  441:    39:  6: . . . . . . BinaryExpression (
  441:    39:  6: . . . . . . . UnaryExpression (
  441:    39:  6: . . . . . . . . PrimaryExpression (
  441:    39:  6: . . . . . . . . . Operand (
  441:    39:  6: . . . . . . . . . . "import"
  447:    39: 12: . . . . . . . . . . "("
  448:    39: 13: . . . . . . . . . . STRING "strings"
  457:    39: 22: . . . . . . . . . . ")"
  458:    39: 23: . . . . . . . . . )
  458:    39: 23: . . . . . . . . )
  458:    39: 23: . . . . . . . )
  458:    39: 23: . . . . . . )
  458:    39: 23: . . . . . )
  458:    39: 23: . . . . )
  458:    39: 23: . . . )
  458:    39: 23: . . . ";"
  459:    40:  1: . . )
  459:    40:  1: . . Statement (
  459:    40:  1: . . . SimpleStmt (
  459:    40:  1: . . . . ExpressionList (
  459:    40:  1: . . . . . Expression (
  459:    40:  1: . . . . . . BinaryExpression (
  459:    40:  1: . . . . . . . UnaryExpression (
  459:    40:  1: . . . . . . . . PrimaryExpression (
  459:    40:  1: . . . . . . . . . Operand (
  459:    40:  1: . . . . . . . . . . IDENT time
  464:    40:  6: . . . . . . . . . )
  464:    40:  6: . . . . . . . . )
  464:    40:  6: . . . . . . . )
  464:    40:  6: . . . . . . )
  464:    40:  6: . . . . . )
  464:    40:  6: . . . . )
  464:    40:  6: . . . . ":="
  467:    40:  9: . . . . ExpressionList (
  467:    40:  9: . . . . . Expression (
  467:    40:  9: . . . . . . BinaryExpression (
  467:    40:  9: . . . . . . . UnaryExpression (
  467:    40:  9: . . . . . . . . PrimaryExpression (
  467:    40:  9: . . . . . . . . . Operand (
  467:    40:  9: . . . . . . . . . . "import"
  473:    40: 15: . . . . . . . . . . "("
  474:    40: 16: . . . . . . . . . . STRING "time"
  480:    40: 22: . . . . . . . . . . ")"
  481:    40: 23: . . . . . . . . . )
  481:    40: 23: . . . . . . . . )
  481:    40: 23: . . . . . . . )
  481:    40: 23: . . . . . . )
  481:    40: 23: . . . . . )
  481:    40: 23: . . . . )
  481:    40: 23: . . . )
  481:    40: 23: . . . ";"
  482:    41:  1: . . )
  482:    41:  1: . . Statement (
  482:    41:  1: . . . SimpleStmt (
  482:    41:  1: . . . . ExpressionList (
  482:    41:  1: . . . . . Expression (
  482:    41:  1: . . . . . . BinaryExpression (
  482:    41:  1: . . . . . . . UnaryExpression (
  482:    41:  1: . . . . . . . . PrimaryExpression (
  482:    41:  1: . . . . . . . . . Operand (
  482:    41:  1: . . . . . . . . . . IDENT time
  486:    41:  5: . . . . . . . . . )
  486:    41:  5: . . . . . . . . . "."
  487:    41:  6: . . . . . . . . . Selector (
  487:    41:  6: . . . . . . . . . . IDENT Now
  490:    41:  9: . . . . . . . . . )
  490:    41:  9: . . . . . . . . . Call (
  490:    41:  9: . . . . . . . . . . "("
  491:    41: 10: . . . . . . . . . . ")"
  493:    41: 12: . . . . . . . . . )
  493:    41: 12: . . . . . . . . )
  493:    41: 12: . . . . . . . )
  493:    41: 12: . . . . . . . "+"
  495:    41: 14: . . . . . . . BinaryExpression (
  495:    41: 14: . . . . . . . . UnaryExpression (
  495:    41: 14: . . . . . . . . . PrimaryExpression (
  495:    41: 14: . . . . . . . . . . Operand (
  495:    41: 14: . . . . . . . . . . . INT 10
  498:    41: 17: . . . . . . . . . . )
  498:    41: 17: . . . . . . . . . )
  498:    41: 17: . . . . . . . . )
  498:    41: 17: . . . . . . . . "*"
  500:    41: 19: . . . . . . . . BinaryExpression (
  500:    41: 19: . . . . . . . . . UnaryExpression (
  500:    41: 19: . . . . . . . . . . PrimaryExpression (
  500:    41: 19: . . . . . . . . . . . Operand (
  500:    41: 19: . . . . . . . . . . . . IDENT time
  504:    41: 23: . . . . . . . . . . . )
  504:    41: 23: . . . . . . . . . . . "."
  505:    41: 24: . . . . . . . . . . . Selector (
  505:    41: 24: . . . . . . . . . . . . IDENT Second
  511:    41: 30: . . . . . . . . . . . )
  511:    41: 30: . . . . . . . . . . )
  511:    41: 30: . . . . . . . . . )
  511:    41: 30: . . . . . . . . )
  511:    41: 30: . . . . . . . )
  511:    41: 30: . . . . . . )
  511:    41: 30: . . . . . )
  511:    41: 30: . . . . )
  511:    41: 30: . . . )
  511:    41: 30: . . . ";"
  512:    42:  1: . . )
  512:    42:  1: . . Statement (
  512:    42:  1: . . . SimpleStmt (
  512:    42:  1: . . . . ExpressionList (
  512:    42:  1: . . . . . Expression (
  512:    42:  1: . . . . . . BinaryExpression (
  512:    42:  1: . . . . . . . UnaryExpression (
  512:    42:  1: . . . . . . . . PrimaryExpression (
  512:    42:  1: . . . . . . . . . Operand (
  512:    42:  1: . . . . . . . . . . IDENT c
  514:    42:  3: . . . . . . . . . )
  514:    42:  3: . . . . . . . . )
  514:    42:  3: . . . . . . . )
  514:    42:  3: . . . . . . )
  514:    42:  3: . . . . . )
  514:    42:  3: . . . . )
  514:    42:  3: . . . . ":="
  517:    42:  6: . . . . ExpressionList (
  517:    42:  6: . . . . . Expression (
  517:    42:  6: . . . . . . BinaryExpression (
  517:    42:  6: . . . . . . . UnaryExpression (
  517:    42:  6: . . . . . . . . PrimaryExpression (
  517:    42:  6: . . . . . . . . . Operand (
  517:    42:  6: . . . . . . . . . . IDENT counter
  525:    42: 14: . . . . . . . . . )
  525:    42: 14: . . . . . . . . )
  525:    42: 14: . . . . . . . )
  525:    42: 14: . . . . . . )
  525:    42: 14: . . . . . . "?"
  527:    42: 16: . . . . . . Expression (
  527:    42: 16: . . . . . . . BinaryExpression (
  527:    42: 16: . . . . . . . . UnaryExpression (
  527:    42: 16: . . . . . . . . . PrimaryExpression (
  527:    42: 16: . . . . . . . . . . Operand (
  527:    42: 16: . . . . . . . . . . . IDENT v3
  530:    42: 19: . . . . . . . . . . )
  530:    42: 19: . . . . . . . . . )
  530:    42: 19: . . . . . . . . )
  530:    42: 19: . . . . . . . )
  530:    42: 19: . . . . . . )
  530:    42: 19: . . . . . . ":"
  532:    42: 21: . . . . . . Expression (
  532:    42: 21: . . . . . . . BinaryExpression (
  532:    42: 21: . . . . . . . . UnaryExpression (
  532:    42: 21: . . . . . . . . . PrimaryExpression (
  532:    42: 21: . . . . . . . . . . Operand (
  532:    42: 21: . . . . . . . . . . . "undefined"
  541:    42: 30: . . . . . . . . . . )
  541:    42: 30: . . . . . . . . . )
  541:    42: 30: . . . . . . . . )
  541:    42: 30: . . . . . . . )
  541:    42: 30: . . . . . . )
  541:    42: 30: . . . . . )
  541:    42: 30: . . . . )
  541:    42: 30: . . . )
  541:    42: 30: . . . ";"
  542:    42: 31: . . )
  542:    42: 31: . )
  542:    42: 31: )
