    2:     2:  1: File (
    2:     2:  1: . StatementList (
    2:     2:  1: . . Statement (
    2:     2:  1: . . . DeclStmt (
    2:     2:  1: . . . . GenDecl(param) (
    2:     2:  1: . . . . . "param"
    8:     2:  7: . . . . . "("
    9:     2:  8: . . . . . paramSpec (
    9:     2:  8: . . . . . . IDENT a
   10:     2:  9: . . . . . . ","
   12:     2: 11: . . . . . )
   12:     2: 11: . . . . . paramSpec (
   12:     2: 11: . . . . . . "..."
   15:     2: 14: . . . . . . IDENT args
   19:     2: 18: . . . . . )
   19:     2: 18: . . . . . ")"
   20:     2: 19: . . . . . ";"
   21:     3:  1: . . . . )
   21:     3:  1: . . . )
   21:     3:  1: . . )
   21:     3:  1: . . Statement (
   21:     3:  1: . . . DeclStmt (
   21:     3:  1: . . . . GenDecl(global) (
   21:     3:  1: . . . . . "global"
   28:     3:  8: . . . . . "("
   29:     3:  9: . . . . . globalSpec (
   29:     3:  9: . . . . . . IDENT x
   30:     3: 10: . . . . . . ","
   32:     3: 12: . . . . . )
   32:     3: 12: . . . . . globalSpec (
   32:     3: 12: . . . . . . IDENT y
   33:     3: 13: . . . . . )
   33:     3: 13: . . . . . ")"
   34:     3: 14: . . . . . ";"
   35:     4:  1: . . . . )
   35:     4:  1: . . . )
   35:     4:  1: . . )
   35:     4:  1: . . Statement (
   35:     4:  1: . . . DeclStmt (
   35:     4:  1: . . . . GenDecl(var) (
   35:     4:  1: . . . . . "var"
   39:     4:  5: . . . . . varSpec (
   39:     4:  5: . . . . . . IDENT b
   40:     4:  6: . . . . . )
   40:     4:  6: . . . . . ";"
   41:     5:  1: . . . . )
   41:     5:  1: . . . )
   41:     5:  1: . . )
   41:     5:  1: . . Statement (
   41:     5:  1: . . . DeclStmt (
   41:     5:  1: . . . . GenDecl(var) (
   41:     5:  1: . . . . . "var"
   45:     5:  5: . . . . . "("
   46:     5:  6: . . . . . varSpec (
   46:     5:  6: . . . . . . IDENT v1
   49:     5:  9: . . . . . . "="
   51:     5: 11: . . . . . . Expression (
   51:     5: 11: . . . . . . . BinaryExpression (
   51:     5: 11: . . . . . . . . UnaryExpression (
   51:     5: 11: . . . . . . . . . PrimaryExpression (
   51:     5: 11: . . . . . . . . . . Operand (
   51:     5: 11: . . . . . . . . . . . INT 1
   52:     5: 12: . . . . . . . . . . )
   52:     5: 12: . . . . . . . . . )
   52:     5: 12: . . . . . . . . )
   52:     5: 12: . . . . . . . )
   52:     5: 12: . . . . . . )
   52:     5: 12: . . . . . . ","
   54:     5: 14: . . . . . )
   54:     5: 14: . . . . . varSpec (
   54:     5: 14: . . . . . . IDENT v2
   56:     5: 16: . . . . . )
   56:     5: 16: . . . . . ")"
   57:     5: 17: . . . . . ";"
   58:     6:  1: . . . . )
   58:     6:  1: . . . )
   58:     6:  1: . . )
   58:     6:  1: . . Statement (
   58:     6:  1: . . . DeclStmt (
   58:     6:  1: . . . . GenDecl(const) (
   58:     6:  1: . . . . . "const"
   64:     6:  7: . . . . . "("
   67:     7:  2: . . . . . constSpec (
   67:     7:  2: . . . . . . IDENT c1
   70:     7:  5: . . . . . . "="
   72:     7:  7: . . . . . . Expression (
   72:     7:  7: . . . . . . . BinaryExpression (
   72:     7:  7: . . . . . . . . UnaryExpression (
   72:     7:  7: . . . . . . . . . PrimaryExpression (
   72:     7:  7: . . . . . . . . . . Operand (
   72:     7:  7: . . . . . . . . . . . INT 1
   73:     7:  8: . . . . . . . . . . )
   73:     7:  8: . . . . . . . . . )
   73:     7:  8: . . . . . . . . )
   73:     7:  8: . . . . . . . )
   73:     7:  8: . . . . . . )
   73:     7:  8: . . . . . . ";"
   75:     8:  2: . . . . . )
   75:     8:  2: . . . . . constSpec (
   75:     8:  2: . . . . . . IDENT c2
   78:     8:  5: . . . . . . "="
   80:     8:  7: . . . . . . Expression (
   80:     8:  7: . . . . . . . BinaryExpression (
   80:     8:  7: . . . . . . . . UnaryExpression (
   80:     8:  7: . . . . . . . . . PrimaryExpression (
   80:     8:  7: . . . . . . . . . . Operand (
   80:     8:  7: . . . . . . . . . . . INT 2
   81:     8:  8: . . . . . . . . . . )
   81:     8:  8: . . . . . . . . . )
   81:     8:  8: . . . . . . . . )
   81:     8:  8: . . . . . . . )
   81:     8:  8: . . . . . . )
   81:     8:  8: . . . . . . ";"
   82:     9:  1: . . . . . )
   82:     9:  1: . . . . . ")"
   83:     9:  2: . . . . . ";"
   84:    10:  1: . . . . )
   84:    10:  1: . . . )
   84:    10:  1: . . )
   84:    10:  1: . . Statement (
   84:    10:  1: . . . IfStmt (
   84:    10:  1: . . . . "if"
   87:    10:  4: . . . . SimpleStmt (
   87:    10:  4: . . . . . ExpressionList (
   87:    10:  4: . . . . . . Expression (
   87:    10:  4: . . . . . . . BinaryExpression (
   87:    10:  4: . . . . . . . . UnaryExpression (
   87:    10:  4: . . . . . . . . . PrimaryExpression (
   87:    10:  4: . . . . . . . . . . Operand (
   87:    10:  4: . . . . . . . . . . . IDENT w
   89:    10:  6: . . . . . . . . . . )
   89:    10:  6: . . . . . . . . . )
   89:    10:  6: . . . . . . . . )
   89:    10:  6: . . . . . . . )
   89:    10:  6: . . . . . . )
   89:    10:  6: . . . . . )
   89:    10:  6: . . . . . ":="
   92:    10:  9: . . . . . ExpressionList (
   92:    10:  9: . . . . . . Expression (
   92:    10:  9: . . . . . . . BinaryExpression (
   92:    10:  9: . . . . . . . . UnaryExpression (
   92:    10:  9: . . . . . . . . . PrimaryExpression (
   92:    10:  9: . . . . . . . . . . Operand (
   92:    10:  9: . . . . . . . . . . . STRING ""
   94:    10: 11: . . . . . . . . . . )
   94:    10: 11: . . . . . . . . . )
   94:    10: 11: . . . . . . . . )
   94:    10: 11: . . . . . . . )
   94:    10: 11: . . . . . . )
   94:    10: 11: . . . . . )
   94:    10: 11: . . . . )
   94:    10: 11: . . . . ";"
   96:    10: 13: . . . . SimpleStmt (
   96:    10: 13: . . . . . ExpressionList (
   96:    10: 13: . . . . . . Expression (
   96:    10: 13: . . . . . . . BinaryExpression (
   96:    10: 13: . . . . . . . . UnaryExpression (
   96:    10: 13: . . . . . . . . . PrimaryExpression (
   96:    10: 13: . . . . . . . . . . Operand (
   96:    10: 13: . . . . . . . . . . . IDENT w
   98:    10: 15: . . . . . . . . . . )
   98:    10: 15: . . . . . . . . . )
   98:    10: 15: . . . . . . . . )
   98:    10: 15: . . . . . . . )
   98:    10: 15: . . . . . . )
   98:    10: 15: . . . . . )
   98:    10: 15: . . . . )
   98:    10: 15: . . . . BlockStmt (
   98:    10: 15: . . . . . "{"
  101:    11:  2: . . . . . StatementList (
  101:    11:  2: . . . . . . Statement (
  101:    11:  2: . . . . . . . ReturnStmt (
  101:    11:  2: . . . . . . . . "return"
  107:    11:  8: . . . . . . . . ";"
  108:    12:  1: . . . . . . . )
  108:    12:  1: . . . . . . )
  108:    12:  1: . . . . . )
  108:    12:  1: . . . . . "}"
  109:    12:  2: . . . . )
  109:    12:  2: . . . . ";"
  110:    13:  1: . . . )
  110:    13:  1: . . )
  110:    13:  1: . . Statement (
  110:    13:  1: . . . ForStmt (
  110:    13:  1: . . . . "for"
  114:    13:  5: . . . . SimpleStmt (
  114:    13:  5: . . . . . ExpressionList (
  114:    13:  5: . . . . . . Expression (
  114:    13:  5: . . . . . . . BinaryExpression (
  114:    13:  5: . . . . . . . . UnaryExpression (
  114:    13:  5: . . . . . . . . . PrimaryExpression (
  114:    13:  5: . . . . . . . . . . Operand (
  114:    13:  5: . . . . . . . . . . . IDENT i
  116:    13:  7: . . . . . . . . . . )
  116:    13:  7: . . . . . . . . . )
  116:    13:  7: . . . . . . . . )
  116:    13:  7: . . . . . . . )
  116:    13:  7: . . . . . . )
  116:    13:  7: . . . . . )
  116:    13:  7: . . . . . ":="
  119:    13: 10: . . . . . ExpressionList (
  119:    13: 10: . . . . . . Expression (
  119:    13: 10: . . . . . . . BinaryExpression (
  119:    13: 10: . . . . . . . . UnaryExpression (
  119:    13: 10: . . . . . . . . . PrimaryExpression (
  119:    13: 10: . . . . . . . . . . Operand (
  119:    13: 10: . . . . . . . . . . . INT 0
  120:    13: 11: . . . . . . . . . . )
  120:    13: 11: . . . . . . . . . )
  120:    13: 11: . . . . . . . . )
  120:    13: 11: . . . . . . . )
  120:    13: 11: . . . . . . )
  120:    13: 11: . . . . . )
  120:    13: 11: . . . . )
  120:    13: 11: . . . . ";"
  122:    13: 13: . . . . SimpleStmt (
  122:    13: 13: . . . . . ExpressionList (
  122:    13: 13: . . . . . . Expression (
  122:    13: 13: . . . . . . . BinaryExpression (
  122:    13: 13: . . . . . . . . UnaryExpression (
  122:    13: 13: . . . . . . . . . PrimaryExpression (
  122:    13: 13: . . . . . . . . . . Operand (
  122:    13: 13: . . . . . . . . . . . IDENT i
  124:    13: 15: . . . . . . . . . . )
  124:    13: 15: . . . . . . . . . )
  124:    13: 15: . . . . . . . . )
  124:    13: 15: . . . . . . . . "<"
  126:    13: 17: . . . . . . . . BinaryExpression (
  126:    13: 17: . . . . . . . . . UnaryExpression (
  126:    13: 17: . . . . . . . . . . PrimaryExpression (
  126:    13: 17: . . . . . . . . . . . Operand (
  126:    13: 17: . . . . . . . . . . . . INT 10
  128:    13: 19: . . . . . . . . . . . )
  128:    13: 19: . . . . . . . . . . )
  128:    13: 19: . . . . . . . . . )
  128:    13: 19: . . . . . . . . )
  128:    13: 19: . . . . . . . )
  128:    13: 19: . . . . . . )
  128:    13: 19: . . . . . )
  128:    13: 19: . . . . )
  128:    13: 19: . . . . ";"
  130:    13: 21: . . . . SimpleStmt (
  130:    13: 21: . . . . . ExpressionList (
  130:    13: 21: . . . . . . Expression (
  130:    13: 21: . . . . . . . BinaryExpression (
  130:    13: 21: . . . . . . . . UnaryExpression (
  130:    13: 21: . . . . . . . . . PrimaryExpression (
  130:    13: 21: . . . . . . . . . . Operand (
  130:    13: 21: . . . . . . . . . . . IDENT i
  131:    13: 22: . . . . . . . . . . )
  131:    13: 22: . . . . . . . . . )
  131:    13: 22: . . . . . . . . )
  131:    13: 22: . . . . . . . )
  131:    13: 22: . . . . . . )
  131:    13: 22: . . . . . )
  131:    13: 22: . . . . . "++"
  134:    13: 25: . . . . )
  134:    13: 25: . . . . BlockStmt (
  134:    13: 25: . . . . . "{"
  137:    14:  2: . . . . . StatementList (
  137:    14:  2: . . . . . . Statement (
  137:    14:  2: . . . . . . . IfStmt (
  137:    14:  2: . . . . . . . . "if"
  140:    14:  5: . . . . . . . . SimpleStmt (
  140:    14:  5: . . . . . . . . . ExpressionList (
  140:    14:  5: . . . . . . . . . . Expression (
  140:    14:  5: . . . . . . . . . . . BinaryExpression (
  140:    14:  5: . . . . . . . . . . . . UnaryExpression (
  140:    14:  5: . . . . . . . . . . . . . PrimaryExpression (
  140:    14:  5: . . . . . . . . . . . . . . Operand (
  140:    14:  5: . . . . . . . . . . . . . . . IDENT i
  142:    14:  7: . . . . . . . . . . . . . . )
  142:    14:  7: . . . . . . . . . . . . . )
  142:    14:  7: . . . . . . . . . . . . )
  142:    14:  7: . . . . . . . . . . . . "=="
  145:    14: 10: . . . . . . . . . . . . BinaryExpression (
  145:    14: 10: . . . . . . . . . . . . . UnaryExpression (
  145:    14: 10: . . . . . . . . . . . . . . PrimaryExpression (
  145:    14: 10: . . . . . . . . . . . . . . . Operand (
  145:    14: 10: . . . . . . . . . . . . . . . . INT 5
  147:    14: 12: . . . . . . . . . . . . . . . )
  147:    14: 12: . . . . . . . . . . . . . . )
  147:    14: 12: . . . . . . . . . . . . . )
  147:    14: 12: . . . . . . . . . . . . )
  147:    14: 12: . . . . . . . . . . . )
  147:    14: 12: . . . . . . . . . . )
  147:    14: 12: . . . . . . . . . )
  147:    14: 12: . . . . . . . . )
  147:    14: 12: . . . . . . . . BlockStmt (
  147:    14: 12: . . . . . . . . . "{"
  151:    15:  3: . . . . . . . . . StatementList (
  151:    15:  3: . . . . . . . . . . Statement (
  151:    15:  3: . . . . . . . . . . . BranchStmt (
  151:    15:  3: . . . . . . . . . . . . "break"
  156:    15:  8: . . . . . . . . . . . . ";"
  158:    16:  2: . . . . . . . . . . . )
  158:    16:  2: . . . . . . . . . . )
  158:    16:  2: . . . . . . . . . )
  158:    16:  2: . . . . . . . . . "}"
  159:    16:  3: . . . . . . . . )
  159:    16:  3: . . . . . . . . ";"
  161:    17:  2: . . . . . . . )
  161:    17:  2: . . . . . . )
  161:    17:  2: . . . . . . Statement (
  161:    17:  2: . . . . . . . IfStmt (
  161:    17:  2: . . . . . . . . "if"
  164:    17:  5: . . . . . . . . SimpleStmt (
  164:    17:  5: . . . . . . . . . ExpressionList (
  164:    17:  5: . . . . . . . . . . Expression (
  164:    17:  5: . . . . . . . . . . . BinaryExpression (
  164:    17:  5: . . . . . . . . . . . . UnaryExpression (
  164:    17:  5: . . . . . . . . . . . . . PrimaryExpression (
  164:    17:  5: . . . . . . . . . . . . . . Operand (
  164:    17:  5: . . . . . . . . . . . . . . . IDENT i
  166:    17:  7: . . . . . . . . . . . . . . )
  166:    17:  7: . . . . . . . . . . . . . )
  166:    17:  7: . . . . . . . . . . . . )
  166:    17:  7: . . . . . . . . . . . . "=="
  169:    17: 10: . . . . . . . . . . . . BinaryExpression (
  169:    17: 10: . . . . . . . . . . . . . UnaryExpression (
  169:    17: 10: . . . . . . . . . . . . . . PrimaryExpression (
  169:    17: 10: . . . . . . . . . . . . . . . Operand (
  169:    17: 10: . . . . . . . . . . . . . . . . INT 6
  171:    17: 12: . . . . . . . . . . . . . . . )
  171:    17: 12: . . . . . . . . . . . . . . )
  171:    17: 12: . . . . . . . . . . . . . )
  171:    17: 12: . . . . . . . . . . . . )
  171:    17: 12: . . . . . . . . . . . )
  171:    17: 12: . . . . . . . . . . )
  171:    17: 12: . . . . . . . . . )
  171:    17: 12: . . . . . . . . )
  171:    17: 12: . . . . . . . . BlockStmt (
  171:    17: 12: . . . . . . . . . "{"
  175:    18:  3: . . . . . . . . . StatementList (
  175:    18:  3: . . . . . . . . . . Statement (
  175:    18:  3: . . . . . . . . . . . TryStmt (
  175:    18:  3: . . . . . . . . . . . . "try"
  179:    18:  7: . . . . . . . . . . . . BlockStmt (
  179:    18:  7: . . . . . . . . . . . . . "{"
  184:    19:  4: . . . . . . . . . . . . . StatementList (
  184:    19:  4: . . . . . . . . . . . . . . Statement (
  184:    19:  4: . . . . . . . . . . . . . . . SimpleStmt (
  184:    19:  4: . . . . . . . . . . . . . . . . ExpressionList (
  184:    19:  4: . . . . . . . . . . . . . . . . . Expression (
  184:    19:  4: . . . . . . . . . . . . . . . . . . BinaryExpression (
  184:    19:  4: . . . . . . . . . . . . . . . . . . . UnaryExpression (
  184:    19:  4: . . . . . . . . . . . . . . . . . . . . PrimaryExpression (
  184:    19:  4: . . . . . . . . . . . . . . . . . . . . . Operand (
  184:    19:  4: . . . . . . . . . . . . . . . . . . . . . . IDENT x
  185:    19:  5: . . . . . . . . . . . . . . . . . . . . . )
  185:    19:  5: . . . . . . . . . . . . . . . . . . . . . Call (
  185:    19:  5: . . . . . . . . . . . . . . . . . . . . . . "("
  186:    19:  6: . . . . . . . . . . . . . . . . . . . . . . ")"
  187:    19:  7: . . . . . . . . . . . . . . . . . . . . . )
  187:    19:  7: . . . . . . . . . . . . . . . . . . . . )
  187:    19:  7: . . . . . . . . . . . . . . . . . . . )
  187:    19:  7: . . . . . . . . . . . . . . . . . . )
  187:    19:  7: . . . . . . . . . . . . . . . . . )
  187:    19:  7: . . . . . . . . . . . . . . . . )
  187:    19:  7: . . . . . . . . . . . . . . . )
  187:    19:  7: . . . . . . . . . . . . . . . ";"
  190:    20:  3: . . . . . . . . . . . . . . )
  190:    20:  3: . . . . . . . . . . . . . )
  190:    20:  3: . . . . . . . . . . . . . "}"
  192:    20:  5: . . . . . . . . . . . . )
  192:    20:  5: . . . . . . . . . . . . CatchStmt (
  192:    20:  5: . . . . . . . . . . . . . "catch"
  198:    20: 11: . . . . . . . . . . . . . IDENT err
  202:    20: 15: . . . . . . . . . . . . . BlockStmt (
  202:    20: 15: . . . . . . . . . . . . . . "{"
  207:    21:  4: . . . . . . . . . . . . . . StatementList (
  207:    21:  4: . . . . . . . . . . . . . . . Statement (
  207:    21:  4: . . . . . . . . . . . . . . . . SimpleStmt (
  207:    21:  4: . . . . . . . . . . . . . . . . . ExpressionList (
  207:    21:  4: . . . . . . . . . . . . . . . . . . Expression (
  207:    21:  4: . . . . . . . . . . . . . . . . . . . BinaryExpression (
  207:    21:  4: . . . . . . . . . . . . . . . . . . . . UnaryExpression (
  207:    21:  4: . . . . . . . . . . . . . . . . . . . . . PrimaryExpression (
  207:    21:  4: . . . . . . . . . . . . . . . . . . . . . . Operand (
  207:    21:  4: . . . . . . . . . . . . . . . . . . . . . . . IDENT println
  214:    21: 11: . . . . . . . . . . . . . . . . . . . . . . )
  214:    21: 11: . . . . . . . . . . . . . . . . . . . . . . Call (
  214:    21: 11: . . . . . . . . . . . . . . . . . . . . . . . "("
  215:    21: 12: . . . . . . . . . . . . . . . . . . . . . . . Expression (
  215:    21: 12: . . . . . . . . . . . . . . . . . . . . . . . . BinaryExpression (
  215:    21: 12: . . . . . . . . . . . . . . . . . . . . . . . . . UnaryExpression (
  215:    21: 12: . . . . . . . . . . . . . . . . . . . . . . . . . . PrimaryExpression (
  215:    21: 12: . . . . . . . . . . . . . . . . . . . . . . . . . . . Operand (
  215:    21: 12: . . . . . . . . . . . . . . . . . . . . . . . . . . . . IDENT err
  218:    21: 15: . . . . . . . . . . . . . . . . . . . . . . . . . . . )
  218:    21: 15: . . . . . . . . . . . . . . . . . . . . . . . . . . )
  218:    21: 15: . . . . . . . . . . . . . . . . . . . . . . . . . )
  218:    21: 15: . . . . . . . . . . . . . . . . . . . . . . . . )
  218:    21: 15: . . . . . . . . . . . . . . . . . . . . . . . )
  218:    21: 15: . . . . . . . . . . . . . . . . . . . . . . . ")"
  219:    21: 16: . . . . . . . . . . . . . . . . . . . . . . )
  219:    21: 16: . . . . . . . . . . . . . . . . . . . . . )
  219:    21: 16: . . . . . . . . . . . . . . . . . . . . )
  219:    21: 16: . . . . . . . . . . . . . . . . . . . )
  219:    21: 16: . . . . . . . . . . . . . . . . . . )
  219:    21: 16: . . . . . . . . . . . . . . . . . )
  219:    21: 16: . . . . . . . . . . . . . . . . )
  219:    21: 16: . . . . . . . . . . . . . . . . ";"
  223:    22:  4: . . . . . . . . . . . . . . . )
  223:    22:  4: . . . . . . . . . . . . . . . Statement (
  223:    22:  4: . . . . . . . . . . . . . . . . ThrowStmt (
  223:    22:  4: . . . . . . . . . . . . . . . . . "throw"
  229:    22: 10: . . . . . . . . . . . . . . . . . Expression (
  229:    22: 10: . . . . . . . . . . . . . . . . . . BinaryExpression (
  229:    22: 10: . . . . . . . . . . . . . . . . . . . UnaryExpression (
  229:    22: 10: . . . . . . . . . . . . . . . . . . . . PrimaryExpression (
  229:    22: 10: . . . . . . . . . . . . . . . . . . . . . Operand (
  229:    22: 10: . . . . . . . . . . . . . . . . . . . . . . IDENT err
  232:    22: 13: . . . . . . . . . . . . . . . . . . . . . )
  232:    22: 13: . . . . . . . . . . . . . . . . . . . . )
  232:    22: 13: . . . . . . . . . . . . . . . . . . . )
  232:    22: 13: . . . . . . . . . . . . . . . . . . )
  232:    22: 13: . . . . . . . . . . . . . . . . . )
  232:    22: 13: . . . . . . . . . . . . . . . . . ";"
  235:    23:  3: . . . . . . . . . . . . . . . . )
  235:    23:  3: . . . . . . . . . . . . . . . )
  235:    23:  3: . . . . . . . . . . . . . . )
  235:    23:  3: . . . . . . . . . . . . . . "}"
  237:    23:  5: . . . . . . . . . . . . . )
  237:    23:  5: . . . . . . . . . . . . )
  237:    23:  5: . . . . . . . . . . . . FinallyStmt (
  237:    23:  5: . . . . . . . . . . . . . "finally"
  245:    23: 13: . . . . . . . . . . . . . BlockStmt (
  245:    23: 13: . . . . . . . . . . . . . . "{"
  250:    24:  4: . . . . . . . . . . . . . . StatementList (
  250:    24:  4: . . . . . . . . . . . . . . . Statement (
  250:    24:  4: . . . . . . . . . . . . . . . . ReturnStmt (
  250:    24:  4: . . . . . . . . . . . . . . . . . "return"
  257:    24: 11: . . . . . . . . . . . . . . . . . Expression (
  257:    24: 11: . . . . . . . . . . . . . . . . . . BinaryExpression (
  257:    24: 11: . . . . . . . . . . . . . . . . . . . UnaryExpression (
  257:    24: 11: . . . . . . . . . . . . . . . . . . . . PrimaryExpression (
  257:    24: 11: . . . . . . . . . . . . . . . . . . . . . Operand (
  257:    24: 11: . . . . . . . . . . . . . . . . . . . . . . IDENT v1
  259:    24: 13: . . . . . . . . . . . . . . . . . . . . . )
  259:    24: 13: . . . . . . . . . . . . . . . . . . . . )
  259:    24: 13: . . . . . . . . . . . . . . . . . . . )
  259:    24: 13: . . . . . . . . . . . . . . . . . . )
  259:    24: 13: . . . . . . . . . . . . . . . . . )
  259:    24: 13: . . . . . . . . . . . . . . . . . ";"
  262:    25:  3: . . . . . . . . . . . . . . . . )
  262:    25:  3: . . . . . . . . . . . . . . . )
  262:    25:  3: . . . . . . . . . . . . . . )
  262:    25:  3: . . . . . . . . . . . . . . "}"
  263:    25:  4: . . . . . . . . . . . . . )
  263:    25:  4: . . . . . . . . . . . . )
  263:    25:  4: . . . . . . . . . . . . ";"
  265:    26:  2: . . . . . . . . . . . )
  265:    26:  2: . . . . . . . . . . )
  265:    26:  2: . . . . . . . . . )
  265:    26:  2: . . . . . . . . . "}"
  266:    26:  3: . . . . . . . . )
  266:    26:  3: . . . . . . . . ";"
  267:    27:  1: . . . . . . . )
  267:    27:  1: . . . . . . )
  267:    27:  1: . . . . . )
  267:    27:  1: . . . . . "}"
  268:    27:  2: . . . . )
  268:    27:  2: . . . . ";"
  269:    28:  1: . . . )
  269:    28:  1: . . )
  269:    28:  1: . . Statement (
  269:    28:  1: . . . SimpleStmt (
  269:    28:  1: . . . . ExpressionList (
  269:    28:  1: . . . . . Expression (
  269:    28:  1: . . . . . . BinaryExpression (
  269:    28:  1: . . . . . . . UnaryExpression (
  269:    28:  1: . . . . . . . . PrimaryExpression (
  269:    28:  1: . . . . . . . . . Operand (
  269:    28:  1: . . . . . . . . . . IDENT counter
  277:    28:  9: . . . . . . . . . )
  277:    28:  9: . . . . . . . . )
  277:    28:  9: . . . . . . . )
  277:    28:  9: . . . . . . )
  277:    28:  9: . . . . . )
  277:    28:  9: . . . . )
  277:    28:  9: . . . . ":="
  280:    28: 12: . . . . ExpressionList (
  280:    28: 12: . . . . . Expression (
  280:    28: 12: . . . . . . BinaryExpression (
  280:    28: 12: . . . . . . . UnaryExpression (
  280:    28: 12: . . . . . . . . PrimaryExpression (
  280:    28: 12: . . . . . . . . . Operand (
  280:    28: 12: . . . . . . . . . . INT 0
  281:    28: 13: . . . . . . . . . )
  281:    28: 13: . . . . . . . . )
  281:    28: 13: . . . . . . . )
  281:    28: 13: . . . . . . )
  281:    28: 13: . . . . . )
  281:    28: 13: . . . . )
  281:    28: 13: . . . )
  281:    28: 13: . . . ";"
  282:    29:  1: . . )
  282:    29:  1: . . Statement (
  282:    29:  1: . . . ForStmt (
  282:    29:  1: . . . . "for"
  286:    29:  5: . . . . SimpleStmt (
  286:    29:  5: . . . . . ExpressionList (
  286:    29:  5: . . . . . . Expression (
  286:    29:  5: . . . . . . . BinaryExpression (
  286:    29:  5: . . . . . . . . UnaryExpression (
  286:    29:  5: . . . . . . . . . PrimaryExpression (
  286:    29:  5: . . . . . . . . . . Operand (
  286:    29:  5: . . . . . . . . . . . IDENT k
  287:    29:  6: . . . . . . . . . . )
  287:    29:  6: . . . . . . . . . )
  287:    29:  6: . . . . . . . . )
  287:    29:  6: . . . . . . . )
  287:    29:  6: . . . . . . )
  287:    29:  6: . . . . . . ","
  288:    29:  7: . . . . . . Expression (
  288:    29:  7: . . . . . . . BinaryExpression (
  288:    29:  7: . . . . . . . . UnaryExpression (
  288:    29:  7: . . . . . . . . . PrimaryExpression (
  288:    29:  7: . . . . . . . . . . Operand (
  288:    29:  7: . . . . . . . . . . . IDENT v
  290:    29:  9: . . . . . . . . . . )
  290:    29:  9: . . . . . . . . . )
  290:    29:  9: . . . . . . . . )
  290:    29:  9: . . . . . . . )
  290:    29:  9: . . . . . . )
  290:    29:  9: . . . . . )
  290:    29:  9: . . . . . "in"
  293:    29: 12: . . . . . Expression (
  293:    29: 12: . . . . . . BinaryExpression (
  293:    29: 12: . . . . . . . UnaryExpression (
  293:    29: 12: . . . . . . . . PrimaryExpression (
  293:    29: 12: . . . . . . . . . Operand (
  293:    29: 12: . . . . . . . . . . MapLit (
  293:    29: 12: . . . . . . . . . . . "{"
  294:    29: 13: . . . . . . . . . . . MapElementLit (
  294:    29: 13: . . . . . . . . . . . . IDENT a
  295:    29: 14: . . . . . . . . . . . . ":"
  297:    29: 16: . . . . . . . . . . . . Expression (
  297:    29: 16: . . . . . . . . . . . . . BinaryExpression (
  297:    29: 16: . . . . . . . . . . . . . . UnaryExpression (
  297:    29: 16: . . . . . . . . . . . . . . . PrimaryExpression (
  297:    29: 16: . . . . . . . . . . . . . . . . Operand (
  297:    29: 16: . . . . . . . . . . . . . . . . . INT 1
  298:    29: 17: . . . . . . . . . . . . . . . . )
  298:    29: 17: . . . . . . . . . . . . . . . )
  298:    29: 17: . . . . . . . . . . . . . . )
  298:    29: 17: . . . . . . . . . . . . . )
  298:    29: 17: . . . . . . . . . . . . )
  298:    29: 17: . . . . . . . . . . . )
  298:    29: 17: . . . . . . . . . . . ","
  300:    29: 19: . . . . . . . . . . . MapElementLit (
  300:    29: 19: . . . . . . . . . . . . IDENT b
  301:    29: 20: . . . . . . . . . . . . ":"
  303:    29: 22: . . . . . . . . . . . . Expression (
  303:    29: 22: . . . . . . . . . . . . . BinaryExpression (
  303:    29: 22: . . . . . . . . . . . . . . UnaryExpression (
  303:    29: 22: . . . . . . . . . . . . . . . PrimaryExpression (
  303:    29: 22: . . . . . . . . . . . . . . . . Operand (
  303:    29: 22: . . . . . . . . . . . . . . . . . INT 2
  304:    29: 23: . . . . . . . . . . . . . . . . )
  304:    29: 23: . . . . . . . . . . . . . . . )
  304:    29: 23: . . . . . . . . . . . . . . )
  304:    29: 23: . . . . . . . . . . . . . )
  304:    29: 23: . . . . . . . . . . . . )
  304:    29: 23: . . . . . . . . . . . )
  304:    29: 23: . . . . . . . . . . . "}"
  306:    29: 25: . . . . . . . . . . )
  306:    29: 25: . . . . . . . . . )
  306:    29: 25: . . . . . . . . )
  306:    29: 25: . . . . . . . )
  306:    29: 25: . . . . . . )
  306:    29: 25: . . . . . )
  306:    29: 25: . . . . )
  306:    29: 25: . . . . BlockStmt (
  306:    29: 25: . . . . . "{"
  309:    30:  2: . . . . . StatementList (
  309:    30:  2: . . . . . . Statement (
  309:    30:  2: . . . . . . . SimpleStmt (
  309:    30:  2: . . . . . . . . ExpressionList (
  309:    30:  2: . . . . . . . . . Expression (
  309:    30:  2: . . . . . . . . . . BinaryExpression (
  309:    30:  2: . . . . . . . . . . . UnaryExpression (
  309:    30:  2: . . . . . . . . . . . . PrimaryExpression (
  309:    30:  2: . . . . . . . . . . . . . Operand (
  309:    30:  2: . . . . . . . . . . . . . . IDENT counter
  316:    30:  9: . . . . . . . . . . . . . )
  316:    30:  9: . . . . . . . . . . . . )
  316:    30:  9: . . . . . . . . . . . )
  316:    30:  9: . . . . . . . . . . )
  316:    30:  9: . . . . . . . . . )
  316:    30:  9: . . . . . . . . )
  316:    30:  9: . . . . . . . . "++"
  318:    30: 11: . . . . . . . )
  318:    30: 11: . . . . . . . ";"
  320:    31:  2: . . . . . . )
  320:    31:  2: . . . . . . Statement (
  320:    31:  2: . . . . . . . SimpleStmt (
  320:    31:  2: . . . . . . . . ExpressionList (
  320:    31:  2: . . . . . . . . . Expression (
  320:    31:  2: . . . . . . . . . . BinaryExpression (
  320:    31:  2: . . . . . . . . . . . UnaryExpression (
  320:    31:  2: . . . . . . . . . . . . PrimaryExpression (
  320:    31:  2: . . . . . . . . . . . . . Operand (
  320:    31:  2: . . . . . . . . . . . . . . IDENT println
  327:    31:  9: . . . . . . . . . . . . . )
  327:    31:  9: . . . . . . . . . . . . . Call (
  327:    31:  9: . . . . . . . . . . . . . . "("
  328:    31: 10: . . . . . . . . . . . . . . Expression (
  328:    31: 10: . . . . . . . . . . . . . . . BinaryExpression (
  328:    31: 10: . . . . . . . . . . . . . . . . UnaryExpression (
  328:    31: 10: . . . . . . . . . . . . . . . . . PrimaryExpression (
  328:    31: 10: . . . . . . . . . . . . . . . . . . Operand (
  328:    31: 10: . . . . . . . . . . . . . . . . . . . IDENT k
  329:    31: 11: . . . . . . . . . . . . . . . . . . )
  329:    31: 11: . . . . . . . . . . . . . . . . . )
  329:    31: 11: . . . . . . . . . . . . . . . . )
  329:    31: 11: . . . . . . . . . . . . . . . )
  329:    31: 11: . . . . . . . . . . . . . . )
  329:    31: 11: . . . . . . . . . . . . . . ","
  331:    31: 13: . . . . . . . . . . . . . . Expression (
  331:    31: 13: . . . . . . . . . . . . . . . BinaryExpression (
  331:    31: 13: . . . . . . . . . . . . . . . . UnaryExpression (
  331:    31: 13: . . . . . . . . . . . . . . . . . PrimaryExpression (
  331:    31: 13: . . . . . . . . . . . . . . . . . . Operand (
  331:    31: 13: . . . . . . . . . . . . . . . . . . . IDENT v
  332:    31: 14: . . . . . . . . . . . . . . . . . . )
  332:    31: 14: . . . . . . . . . . . . . . . . . )
  332:    31: 14: . . . . . . . . . . . . . . . . )
  332:    31: 14: . . . . . . . . . . . . . . . )
  332:    31: 14: . . . . . . . . . . . . . . )
  332:    31: 14: . . . . . . . . . . . . . . ")"
  333:    31: 15: . . . . . . . . . . . . . )
  333:    31: 15: . . . . . . . . . . . . )
  333:    31: 15: . . . . . . . . . . . )
  333:    31: 15: . . . . . . . . . . )
  333:    31: 15: . . . . . . . . . )
  333:    31: 15: . . . . . . . . )
  333:    31: 15: . . . . . . . )
  333:    31: 15: . . . . . . . ";"
  334:    32:  1: . . . . . . )
  334:    32:  1: . . . . . )
  334:    32:  1: . . . . . "}"
  335:    32:  2: . . . . )
  335:    32:  2: . . . . ";"
  336:    33:  1: . . . )
  336:    33:  1: . . )
  336:    33:  1: . . Statement (
  336:    33:  1: . . . SimpleStmt (
  336:    33:  1: . . . . ExpressionList (
  336:    33:  1: . . . . . Expression (
  336:    33:  1: . . . . . . BinaryExpression (
  336:    33:  1: . . . . . . . UnaryExpression (
  336:    33:  1: . . . . . . . . PrimaryExpression (
  336:    33:  1: . . . . . . . . . Operand (
  336:    33:  1: . . . . . . . . . . IDENT f
  338:    33:  3: . . . . . . . . . )
  338:    33:  3: . . . . . . . . )
  338:    33:  3: . . . . . . . )
  338:    33:  3: . . . . . . )
  338:    33:  3: . . . . . )
  338:    33:  3: . . . . )
  338:    33:  3: . . . . ":="
  341:    33:  6: . . . . ExpressionList (
  341:    33:  6: . . . . . Expression (
  341:    33:  6: . . . . . . BinaryExpression (
  341:    33:  6: . . . . . . . UnaryExpression (
  341:    33:  6: . . . . . . . . PrimaryExpression (
  341:    33:  6: . . . . . . . . . Operand (
  341:    33:  6: . . . . . . . . . . FuncLit (
  341:    33:  6: . . . . . . . . . . . FuncType (
  341:    33:  6: . . . . . . . . . . . . "func"
  345:    33: 10: . . . . . . . . . . . . FuncParams (
  345:    33: 10: . . . . . . . . . . . . . "("
  346:    33: 11: . . . . . . . . . . . . . ")"
  348:    33: 13: . . . . . . . . . . . . )
  348:    33: 13: . . . . . . . . . . . )
  348:    33: 13: . . . . . . . . . . . Body (
  348:    33: 13: . . . . . . . . . . . . "{"
  351:    34:  2: . . . . . . . . . . . . StatementList (
  351:    34:  2: . . . . . . . . . . . . . Statement (
  351:    34:  2: . . . . . . . . . . . . . . ReturnStmt (
  351:    34:  2: . . . . . . . . . . . . . . . "return"
  358:    34:  9: . . . . . . . . . . . . . . . Expression (
  358:    34:  9: . . . . . . . . . . . . . . . . BinaryExpression (
  358:    34:  9: . . . . . . . . . . . . . . . . . UnaryExpression (
  358:    34:  9: . . . . . . . . . . . . . . . . . . PrimaryExpression (
  358:    34:  9: . . . . . . . . . . . . . . . . . . . Operand (
  358:    34:  9: . . . . . . . . . . . . . . . . . . . . INT 0
  359:    34: 10: . . . . . . . . . . . . . . . . . . . )
  359:    34: 10: . . . . . . . . . . . . . . . . . . )
  359:    34: 10: . . . . . . . . . . . . . . . . . )
  359:    34: 10: . . . . . . . . . . . . . . . . )
  359:    34: 10: . . . . . . . . . . . . . . . )
  359:    34: 10: . . . . . . . . . . . . . . . ","
  361:    34: 12: . . . . . . . . . . . . . . . Expression (
  361:    34: 12: . . . . . . . . . . . . . . . . BinaryExpression (
  361:    34: 12: . . . . . . . . . . . . . . . . . UnaryExpression (
  361:    34: 12: . . . . . . . . . . . . . . . . . . PrimaryExpression (
  361:    34: 12: . . . . . . . . . . . . . . . . . . . Operand (
  361:    34: 12: . . . . . . . . . . . . . . . . . . . . IDENT error
  366:    34: 17: . . . . . . . . . . . . . . . . . . . )
  366:    34: 17: . . . . . . . . . . . . . . . . . . . Call (
  366:    34: 17: . . . . . . . . . . . . . . . . . . . . "("
  367:    34: 18: . . . . . . . . . . . . . . . . . . . . Expression (
  367:    34: 18: . . . . . . . . . . . . . . . . . . . . . BinaryExpression (
  367:    34: 18: . . . . . . . . . . . . . . . . . . . . . . UnaryExpression (
  367:    34: 18: . . . . . . . . . . . . . . . . . . . . . . . PrimaryExpression (
  367:    34: 18: . . . . . . . . . . . . . . . . . . . . . . . . Operand (
  367:    34: 18: . . . . . . . . . . . . . . . . . . . . . . . . . STRING "err"
  372:    34: 23: . . . . . . . . . . . . . . . . . . . . . . . . )
  372:    34: 23: . . . . . . . . . . . . . . . . . . . . . . . )
  372:    34: 23: . . . . . . . . . . . . . . . . . . . . . . )
  372:    34: 23: . . . . . . . . . . . . . . . . . . . . . )
  372:    34: 23: . . . . . . . . . . . . . . . . . . . . )
  372:    34: 23: . . . . . . . . . . . . . . . . . . . . ")"
  373:    34: 24: . . . . . . . . . . . . . . . . . . . )
  373:    34: 24: . . . . . . . . . . . . . . . . . . )
  373:    34: 24: . . . . . . . . . . . . . . . . . )
  373:    34: 24: . . . . . . . . . . . . . . . . )
  373:    34: 24: . . . . . . . . . . . . . . . )
  373:    34: 24: . . . . . . . . . . . . . . . ";"
  374:    35:  1: . . . . . . . . . . . . . . )
  374:    35:  1: . . . . . . . . . . . . . )
  374:    35:  1: . . . . . . . . . . . . )
  374:    35:  1: . . . . . . . . . . . . "}"
  375:    35:  2: . . . . . . . . . . . )
  375:    35:  2: . . . . . . . . . . )
  375:    35:  2: . . . . . . . . . )
  375:    35:  2: . . . . . . . . )
  375:    35:  2: . . . . . . . )
  375:    35:  2: . . . . . . )
  375:    35:  2: . . . . . )
  375:    35:  2: . . . . )
  375:    35:  2: . . . )
  375:    35:  2: . . . ";"
  376:    36:  1: . . )
  376:    36:  1: . . Statement (
  376:    36:  1: . . . SimpleStmt (
  376:    36:  1: . . . . ExpressionList (
  376:    36:  1: . . . . . Expression (
  376:    36:  1: . . . . . . BinaryExpression (
  376:    36:  1: . . . . . . . UnaryExpression (
  376:    36:  1: . . . . . . . . PrimaryExpression (
  376:    36:  1: . . . . . . . . . Operand (
  376:    36:  1: . . . . . . . . . . IDENT v1
  378:    36:  3: . . . . . . . . . )
  378:    36:  3: . . . . . . . . )
  378:    36:  3: . . . . . . . )
  378:    36:  3: . . . . . . )
  378:    36:  3: . . . . . )
  378:    36:  3: . . . . . ","
  380:    36:  5: . . . . . Expression (
  380:    36:  5: . . . . . . BinaryExpression (
  380:    36:  5: . . . . . . . UnaryExpression (
  380:    36:  5: . . . . . . . . PrimaryExpression (
  380:    36:  5: . . . . . . . . . Operand (
  380:    36:  5: . . . . . . . . . . IDENT v2
  383:    36:  8: . . . . . . . . . )
  383:    36:  8: . . . . . . . . )
  383:    36:  8: . . . . . . . )
  383:    36:  8: . . . . . . )
  383:    36:  8: . . . . . )
  383:    36:  8: . . . . )
  383:    36:  8: . . . . ":="
  386:    36: 11: . . . . ExpressionList (
  386:    36: 11: . . . . . Expression (
  386:    36: 11: . . . . . . BinaryExpression (
  386:    36: 11: . . . . . . . UnaryExpression (
  386:    36: 11: . . . . . . . . PrimaryExpression (
  386:    36: 11: . . . . . . . . . Operand (
  386:    36: 11: . . . . . . . . . . IDENT f
  387:    36: 12: . . . . . . . . . )
  387:    36: 12: . . . . . . . . . Call (
  387:    36: 12: . . . . . . . . . . "("
  388:    36: 13: . . . . . . . . . . ")"
  389:    36: 14: . . . . . . . . . )
  389:    36: 14: . . . . . . . . )
  389:    36: 14: . . . . . . . )
  389:    36: 14: . . . . . . )
  389:    36: 14: . . . . . )
  389:    36: 14: . . . . )
  389:    36: 14: . . . )
  389:    36: 14: . . . ";"
  390:    37:  1: . . )
  390:    37:  1: . . Statement (
  390:    37:  1: . . . SimpleStmt (
  390:    37:  1: . . . . ExpressionList (
  390:    37:  1: . . . . . Expression (
  390:    37:  1: . . . . . . BinaryExpression (
  390:    37:  1: . . . . . . . UnaryExpression (
  390:    37:  1: . . . . . . . . PrimaryExpression (
  390:    37:  1: . . . . . . . . . Operand (
  390:    37:  1: . . . . . . . . . . IDENT v3
  393:    37:  4: . . . . . . . . . )
  393:    37:  4: . . . . . . . . )
  393:    37:  4: . . . . . . . )
  393:    37:  4: . . . . . . )
  393:    37:  4: . . . . . )
  393:    37:  4: . . . . )
  393:    37:  4: . . . . ":="
  396:    37:  7: . . . . ExpressionList (
  396:    37:  7: . . . . . Expression (
  396:    37:  7: . . . . . . BinaryExpression (
  396:    37:  7: . . . . . . . UnaryExpression (
  396:    37:  7: . . . . . . . . PrimaryExpression (
  396:    37:  7: . . . . . . . . . Operand (
  396:    37:  7: . . . . . . . . . . ArrayLit (
  396:    37:  7: . . . . . . . . . . . "["
  397:    37:  8: . . . . . . . . . . . Expression (
  397:    37:  8: . . . . . . . . . . . . BinaryExpression (
  397:    37:  8: . . . . . . . . . . . . . UnaryExpression (
  397:    37:  8: . . . . . . . . . . . . . . PrimaryExpression (
  397:    37:  8: . . . . . . . . . . . . . . . Operand (
  397:    37:  8: . . . . . . . . . . . . . . . . IDENT v1
  399:    37: 10: . . . . . . . . . . . . . . . )
  399:    37: 10: . . . . . . . . . . . . . . )
  399:    37: 10: . . . . . . . . . . . . . )
  399:    37: 10: . . . . . . . . . . . . . "*"
  400:    37: 11: . . . . . . . . . . . . . BinaryExpression (
  400:    37: 11: . . . . . . . . . . . . . . UnaryExpression (
  400:    37: 11: . . . . . . . . . . . . . . . PrimaryExpression (
  400:    37: 11: . . . . . . . . . . . . . . . . Operand (
  400:    37: 11: . . . . . . . . . . . . . . . . . IDENT counter
  407:    37: 18: . . . . . . . . . . . . . . . . )
  407:    37: 18: . . . . . . . . . . . . . . . )
  407:    37: 18: . . . . . . . . . . . . . . )
  407:    37: 18: . . . . . . . . . . . . . )
  407:    37: 18: . . . . . . . . . . . . )
  407:    37: 18: . . . . . . . . . . . )
  407:    37: 18: . . . . . . . . . . . ","
  409:    37: 20: . . . . . . . . . . . Expression (
  409:    37: 20: . . . . . . . . . . . . BinaryExpression (
  409:    37: 20: . . . . . . . . . . . . . UnaryExpression (
  409:    37: 20: . . . . . . . . . . . . . . PrimaryExpression (
  409:    37: 20: . . . . . . . . . . . . . . . Operand (
  409:    37: 20: . . . . . . . . . . . . . . . . IDENT v2
  411:    37: 22: . . . . . . . . . . . . . . . )
  411:    37: 22: . . . . . . . . . . . . . . )
  411:    37: 22: . . . . . . . . . . . . . )
  411:    37: 22: . . . . . . . . . . . . . "/"
  412:    37: 23: . . . . . . . . . . . . . BinaryExpression (
  412:    37: 23: . . . . . . . . . . . . . . UnaryExpression (
  412:    37: 23: . . . . . . . . . . . . . . . PrimaryExpression (
  412:    37: 23: . . . . . . . . . . . . . . . . Operand (
  412:    37: 23: . . . . . . . . . . . . . . . . . IDENT counter
  419:    37: 30: . . . . . . . . . . . . . . . . )
  419:    37: 30: . . . . . . . . . . . . . . . )
  419:    37: 30: . . . . . . . . . . . . . . )
  419:    37: 30: . . . . . . . . . . . . . )
  419:    37: 30: . . . . . . . . . . . . )
  419:    37: 30: . . . . . . . . . . . )
  419:    37: 30: . . . . . . . . . . . ","
  421:    37: 32: . . . . . . . . . . . Expression (
  421:    37: 32: . . . . . . . . . . . . BinaryExpression (
  421:    37: 32: . . . . . . . . . . . . . UnaryExpression (
  421:    37: 32: . . . . . . . . . . . . . . PrimaryExpression (
  421:    37: 32: . . . . . . . . . . . . . . . Operand (
  421:    37: 32: . . . . . . . . . . . . . . . . UINT 3u
  423:    37: 34: . . . . . . . . . . . . . . . )
  423:    37: 34: . . . . . . . . . . . . . . )
  423:    37: 34: . . . . . . . . . . . . . )
  423:    37: 34: . . . . . . . . . . . . )
  423:    37: 34: . . . . . . . . . . . )
  423:    37: 34: . . . . . . . . . . . ","
  426:    38:  2: . . . . . . . . . . . Expression (
  426:    38:  2: . . . . . . . . . . . . BinaryExpression (
  426:    38:  2: . . . . . . . . . . . . . UnaryExpression (
  426:    38:  2: . . . . . . . . . . . . . . PrimaryExpression (
  426:    38:  2: . . . . . . . . . . . . . . . Operand (
  426:    38:  2: . . . . . . . . . . . . . . . . FLOAT 4.7
  429:    38:  5: . . . . . . . . . . . . . . . )
  429:    38:  5: . . . . . . . . . . . . . . )
  429:    38:  5: . . . . . . . . . . . . . )
  429:    38:  5: . . . . . . . . . . . . )
  429:    38:  5: . . . . . . . . . . . )
  429:    38:  5: . . . . . . . . . . . ","
  431:    38:  7: . . . . . . . . . . . Expression (
  431:    38:  7: . . . . . . . . . . . . BinaryExpression (
  431:    38:  7: . . . . . . . . . . . . . UnaryExpression (
  431:    38:  7: . . . . . . . . . . . . . . PrimaryExpression (
  431:    38:  7: . . . . . . . . . . . . . . . Operand (
  431:    38:  7: . . . . . . . . . . . . . . . . CHAR 'y'
  434:    38: 10: . . . . . . . . . . . . . . . )
  434:    38: 10: . . . . . . . . . . . . . . )
  434:    38: 10: . . . . . . . . . . . . . )
  434:    38: 10: . . . . . . . . . . . . )
  434:    38: 10: . . . . . . . . . . . )
  434:    38: 10: . . . . . . . . . . . "]"
  435:    38: 11: . . . . . . . . . . )
  435:    38: 11: . . . . . . . . . )
  435:    38: 11: . . . . . . . . )
  435:    38: 11: . . . . . . . )
  435:    38: 11: . . . . . . )
  435:    38: 11: . . . . . )
  435:    38: 11: . . . . )
  435:    38: 11: . . . )
  435:    38: 11: . . . ";"
  436:    39:  1: . . )
  436:    39:  1: . . Statement (
  436:    39:  1: . . . SimpleStmt (
  436:    39:  1: . . . . ExpressionList (
  436:    39:  1: . . . . . Expression (
  436:    39:  1: . . . . . . BinaryExpression (
  436:    39:  1: . . . . . . . UnaryExpression (
  436:    39:  1: . . . . . . . . PrimaryExpression (
  436:    39:  1: . . . . . . . . . Operand (
  436:    39:  1: . . . . . . . . . . IDENT v3
  438:    39:  3: . . . . . . . . . )
  438:    39:  3: . . . . . . . . . IndexOrSlice (
  438:    39:  3: . . . . . . . . . . "["
  439:    39:  4: . . . . . . . . . . Expression (
  439:    39:  4: . . . . . . . . . . . BinaryExpression (
  439:    39:  4: . . . . . . . . . . . . UnaryExpression (
  439:    39:  4: . . . . . . . . . . . . . PrimaryExpression (
  439:    39:  4: . . . . . . . . . . . . . . Operand (
  439:    39:  4: . . . . . . . . . . . . . . . INT 1
  440:    39:  5: . . . . . . . . . . . . . . )
  440:    39:  5: . . . . . . . . . . . . . )
  440:    39:  5: . . . . . . . . . . . . )
  440:    39:  5: . . . . . . . . . . . )
  440:    39:  5: . . . . . . . . . . )
  440:    39:  5: . . . . . . . . . . "]"
  441:    39:  6: . . . . . . . . . )
  441:    39:  6: . . . . . . . . )
  441:    39:  6: . . . . . . . )
  441:    39:  6: . . . . . . )
  441:    39:  6: . . . . . )
  441:    39:  6: . . . . )
  441:    39:  6: . . . )
  441:    39:  6: . . . ";"
  442:    40:  1: . . )
  442:    40:  1: . . Statement (
  442:    40:  1: . . . SimpleStmt (
  442:    40:  1: . . . . ExpressionList (
  442:    40:  1: . . . . . Expression (
  442:    40:  1: . . . . . . BinaryExpression (
  442:    40:  1: . . . . . . . UnaryExpression (
  442:    40:  1: . . . . . . . . PrimaryExpression (
  442:    40:  1: . . . . . . . . . Operand (
  442:    40:  1: . . . . . . . . . . IDENT v3
  444:    40:  3: . . . . . . . . . )
  444:    40:  3: . . . . . . . . . IndexOrSlice (
  444:    40:  3: . . . . . . . . . . "["
  445:    40:  4: . . . . . . . . . . Expression (
  445:    40:  4: . . . . . . . . . . . BinaryExpression (
  445:    40:  4: . . . . . . . . . . . . UnaryExpression (
  445:    40:  4: . . . . . . . . . . . . . PrimaryExpression (
  445:    40:  4: . . . . . . . . . . . . . . Operand (
  445:    40:  4: . . . . . . . . . . . . . . . INT 1
  446:    40:  5: . . . . . . . . . . . . . . )
  446:    40:  5: . . . . . . . . . . . . . )
  446:    40:  5: . . . . . . . . . . . . )
  446:    40:  5: . . . . . . . . . . . )
  446:    40:  5: . . . . . . . . . . )
  446:    40:  5: . . . . . . . . . . ":"
  447:    40:  6: . . . . . . . . . . "]"
  448:    40:  7: . . . . . . . . . )
  448:    40:  7: . . . . . . . . )
  448:    40:  7: . . . . . . . )
  448:    40:  7: . . . . . . )
  448:    40:  7: . . . . . )
  448:    40:  7: . . . . )
  448:    40:  7: . . . )
  448:    40:  7: . . . ";"
  449:    41:  1: . . )
  449:    41:  1: . . Statement (
  449:    41:  1: . . . SimpleStmt (
  449:    41:  1: . . . . ExpressionList (
  449:    41:  1: . . . . . Expression (
  449:    41:  1: . . . . . . BinaryExpression (
  449:    41:  1: . . . . . . . UnaryExpression (
  449:    41:  1: . . . . . . . . PrimaryExpression (
  449:    41:  1: . . . . . . . . . Operand (
  449:    41:  1: . . . . . . . . . . IDENT v3
  451:    41:  3: . . . . . . . . . )
  451:    41:  3: . . . . . . . . . IndexOrSlice (
  451:    41:  3: . . . . . . . . . . "["
  452:    41:  4: . . . . . . . . . . ":"
  453:    41:  5: . . . . . . . . . . Expression (
  453:    41:  5: . . . . . . . . . . . BinaryExpression (
  453:    41:  5: . . . . . . . . . . . . UnaryExpression (
  453:    41:  5: . . . . . . . . . . . . . PrimaryExpression (
  453:    41:  5: . . . . . . . . . . . . . . Operand (
  453:    41:  5: . . . . . . . . . . . . . . . INT 2
  454:    41:  6: . . . . . . . . . . . . . . )
  454:    41:  6: . . . . . . . . . . . . . )
  454:    41:  6: . . . . . . . . . . . . )
  454:    41:  6: . . . . . . . . . . . )
  454:    41:  6: . . . . . . . . . . )
  454:    41:  6: . . . . . . . . . . "]"
  455:    41:  7: . . . . . . . . . )
  455:    41:  7: . . . . . . . . )
  455:    41:  7: . . . . . . . )
  455:    41:  7: . . . . . . )
  455:    41:  7: . . . . . )
  455:    41:  7: . . . . )
  455:    41:  7: . . . )
  455:    41:  7: . . . ";"
  456:    42:  1: . . )
  456:    42:  1: . . Statement (
  456:    42:  1: . . . SimpleStmt (
  456:    42:  1: . . . . ExpressionList (
  456:    42:  1: . . . . . Expression (
  456:    42:  1: . . . . . . BinaryExpression (
  456:    42:  1: . . . . . . . UnaryExpression (
  456:    42:  1: . . . . . . . . PrimaryExpression (
  456:    42:  1: . . . . . . . . . Operand (
  456:    42:  1: . . . . . . . . . . IDENT v3
  458:    42:  3: . . . . . . . . . )
  458:    42:  3: . . . . . . . . . IndexOrSlice (
  458:    42:  3: . . . . . . . . . . "["
  459:    42:  4: . . . . . . . . . . ":"
  460:    42:  5: . . . . . . . . . . "]"
  461:    42:  6: . . . . . . . . . )
  461:    42:  6: . . . . . . . . )
  461:    42:  6: . . . . . . . )
  461:    42:  6: . . . . . . )
  461:    42:  6: . . . . . )
  461:    42:  6: . . . . )
  461:    42:  6: . . . )
  461:    42:  6: . . . ";"
  462:    43:  1: . . )
  462:    43:  1: . . Statement (
  462:    43:  1: . . . SimpleStmt (
  462:    43:  1: . . . . ExpressionList (
  462:    43:  1: . . . . . Expression (
  462:    43:  1: . . . . . . BinaryExpression (
  462:    43:  1: . . . . . . . UnaryExpression (
  462:    43:  1: . . . . . . . . PrimaryExpression (
  462:    43:  1: . . . . . . . . . Operand (
  462:    43:  1: . . . . . . . . . . IDENT _
  464:    43:  3: . . . . . . . . . )
  464:    43:  3: . . . . . . . . )
  464:    43:  3: . . . . . . . )
  464:    43:  3: . . . . . . )
  464:    43:  3: . . . . . )
  464:    43:  3: . . . . )
  464:    43:  3: . . . . ":="
  467:    43:  6: . . . . ExpressionList (
  467:    43:  6: . . . . . Expression (
  467:    43:  6: . . . . . . BinaryExpression (
  467:    43:  6: . . . . . . . UnaryExpression (
  467:    43:  6: . . . . . . . . PrimaryExpression (
  467:    43:  6: . . . . . . . . . Operand (
  467:    43:  6: . . . . . . . . . . "import"
  473:    43: 12: . . . . . . . . . . "("
  474:    43: 13: . . . . . . . . . . STRING "strings"
  483:    43: 22: . . . . . . . . . . ")"
  484:    43: 23: . . . . . . . . . )
  484:    43: 23: . . . . . . . . )
  484:    43: 23: . . . . . . . )
  484:    43: 23: . . . . . . )
  484:    43: 23: . . . . . )
  484:    43: 23: . . . . )
  484:    43: 23: . . . )
  484:    43: 23: . . . ";"
  485:    44:  1: . . )
  485:    44:  1: . . Statement (
  485:    44:  1: . . . SimpleStmt (
  485:    44:  1: . . . . ExpressionList (
  485:    44:  1: . . . . . Expression (
  485:    44:  1: . . . . . . BinaryExpression (
  485:    44:  1: . . . . . . . UnaryExpression (
  485:    44:  1: . . . . . . . . PrimaryExpression (
  485:    44:  1: . . . . . . . . . Operand (
  485:    44:  1: . . . . . . . . . . IDENT time
  490:    44:  6: . . . . . . . . . )
  490:    44:  6: . . . . . . . . )
  490:    44:  6: . . . . . . . )
  490:    44:  6: . . . . . . )
  490:    44:  6: . . . . . )
  490:    44:  6: . . . . )
  490:    44:  6: . . . . ":="
  493:    44:  9: . . . . ExpressionList (
  493:    44:  9: . . . . . Expression (
  493:    44:  9: . . . . . . BinaryExpression (
  493:    44:  9: . . . . . . . UnaryExpression (
  493:    44:  9: . . . . . . . . PrimaryExpression (
  493:    44:  9: . . . . . . . . . Operand (
  493:    44:  9: . . . . . . . . . . "import"
  499:    44: 15: . . . . . . . . . . "("
  500:    44: 16: . . . . . . . . . . STRING "time"
  506:    44: 22: . . . . . . . . . . ")"
  507:    44: 23: . . . . . . . . . )
  507:    44: 23: . . . . . . . . )
  507:    44: 23: . . . . . . . )
  507:    44: 23: . . . . . . )
  507:    44: 23: . . . . . )
  507:    44: 23: . . . . )
  507:    44: 23: . . . )
  507:    44: 23: . . . ";"
  508:    45:  1: . . )
  508:    45:  1: . . Statement (
  508:    45:  1: . . . SimpleStmt (
  508:    45:  1: . . . . ExpressionList (
  508:    45:  1: . . . . . Expression (
  508:    45:  1: . . . . . . BinaryExpression (
  508:    45:  1: . . . . . . . UnaryExpression (
  508:    45:  1: . . . . . . . . PrimaryExpression (
  508:    45:  1: . . . . . . . . . Operand (
  508:    45:  1: . . . . . . . . . . IDENT time
  512:    45:  5: . . . . . . . . . )
  512:    45:  5: . . . . . . . . . "."
  513:    45:  6: . . . . . . . . . Selector (
  513:    45:  6: . . . . . . . . . . IDENT Now
  516:    45:  9: . . . . . . . . . )
  516:    45:  9: . . . . . . . . . Call (
  516:    45:  9: . . . . . . . . . . "("
  517:    45: 10: . . . . . . . . . . ")"
  519:    45: 12: . . . . . . . . . )
  519:    45: 12: . . . . . . . . )
  519:    45: 12: . . . . . . . )
  519:    45: 12: . . . . . . . "+"
  521:    45: 14: . . . . . . . BinaryExpression (
  521:    45: 14: . . . . . . . . UnaryExpression (
  521:    45: 14: . . . . . . . . . PrimaryExpression (
  521:    45: 14: . . . . . . . . . . Operand (
  521:    45: 14: . . . . . . . . . . . INT 10
  524:    45: 17: . . . . . . . . . . )
  524:    45: 17: . . . . . . . . . )
  524:    45: 17: . . . . . . . . )
  524:    45: 17: . . . . . . . . "*"
  526:    45: 19: . . . . . . . . BinaryExpression (
  526:    45: 19: . . . . . . . . . UnaryExpression (
  526:    45: 19: . . . . . . . . . . PrimaryExpression (
  526:    45: 19: . . . . . . . . . . . Operand (
  526:    45: 19: . . . . . . . . . . . . IDENT time
  530:    45: 23: . . . . . . . . . . . )
  530:    45: 23: . . . . . . . . . . . "."
  531:    45: 24: . . . . . . . . . . . Selector (
  531:    45: 24: . . . . . . . . . . . . IDENT Second
  537:    45: 30: . . . . . . . . . . . )
  537:    45: 30: . . . . . . . . . . )
  537:    45: 30: . . . . . . . . . )
  537:    45: 30: . . . . . . . . )
  537:    45: 30: . . . . . . . )
  537:    45: 30: . . . . . . )
  537:    45: 30: . . . . . )
  537:    45: 30: . . . . )
  537:    45: 30: . . . )
  537:    45: 30: . . . ";"
  538:    46:  1: . . )
  538:    46:  1: . . Statement (
  538:    46:  1: . . . SimpleStmt (
  538:    46:  1: . . . . ExpressionList (
  538:    46:  1: . . . . . Expression (
  538:    46:  1: . . . . . . BinaryExpression (
  538:    46:  1: . . . . . . . UnaryExpression (
  538:    46:  1: . . . . . . . . PrimaryExpression (
  538:    46:  1: . . . . . . . . . Operand (
  538:    46:  1: . . . . . . . . . . IDENT c
  540:    46:  3: . . . . . . . . . )
  540:    46:  3: . . . . . . . . )
  540:    46:  3: . . . . . . . )
  540:    46:  3: . . . . . . )
  540:    46:  3: . . . . . )
  540:    46:  3: . . . . )
  540:    46:  3: . . . . ":="
  543:    46:  6: . . . . ExpressionList (
  543:    46:  6: . . . . . Expression (
  543:    46:  6: . . . . . . BinaryExpression (
  543:    46:  6: . . . . . . . UnaryExpression (
  543:    46:  6: . . . . . . . . PrimaryExpression (
  543:    46:  6: . . . . . . . . . Operand (
  543:    46:  6: . . . . . . . . . . IDENT counter
  551:    46: 14: . . . . . . . . . )
  551:    46: 14: . . . . . . . . )
  551:    46: 14: . . . . . . . )
  551:    46: 14: . . . . . . )
  551:    46: 14: . . . . . . "?"
  553:    46: 16: . . . . . . Expression (
  553:    46: 16: . . . . . . . BinaryExpression (
  553:    46: 16: . . . . . . . . UnaryExpression (
  553:    46: 16: . . . . . . . . . PrimaryExpression (
  553:    46: 16: . . . . . . . . . . Operand (
  553:    46: 16: . . . . . . . . . . . IDENT v3
  556:    46: 19: . . . . . . . . . . )
  556:    46: 19: . . . . . . . . . )
  556:    46: 19: . . . . . . . . )
  556:    46: 19: . . . . . . . )
  556:    46: 19: . . . . . . )
  556:    46: 19: . . . . . . ":"
  558:    46: 21: . . . . . . Expression (
  558:    46: 21: . . . . . . . BinaryExpression (
  558:    46: 21: . . . . . . . . UnaryExpression (
  558:    46: 21: . . . . . . . . . PrimaryExpression (
  558:    46: 21: . . . . . . . . . . Operand (
  558:    46: 21: . . . . . . . . . . . "undefined"
  567:    46: 30: . . . . . . . . . . )
  567:    46: 30: . . . . . . . . . )
  567:    46: 30: . . . . . . . . )
  567:    46: 30: . . . . . . . )
  567:    46: 30: . . . . . . )
  567:    46: 30: . . . . . )
  567:    46: 30: . . . . )
  567:    46: 30: . . . )
  567:    46: 30: . . . ";"
  569:    48:  1: . . )
  569:    48:  1: . . Statement (
  569:    48:  1: . . . SimpleStmt (
  569:    48:  1: . . . . ExpressionList (
  569:    48:  1: . . . . . Expression (
  569:    48:  1: . . . . . . BinaryExpression (
  569:    48:  1: . . . . . . . UnaryExpression (
  569:    48:  1: . . . . . . . . PrimaryExpression (
  569:    48:  1: . . . . . . . . . Operand (
  569:    48:  1: . . . . . . . . . . IDENT f2
  572:    48:  4: . . . . . . . . . )
  572:    48:  4: . . . . . . . . )
  572:    48:  4: . . . . . . . )
  572:    48:  4: . . . . . . )
  572:    48:  4: . . . . . )
  572:    48:  4: . . . . )
  572:    48:  4: . . . . ":="
  575:    48:  7: . . . . ExpressionList (
  575:    48:  7: . . . . . Expression (
  575:    48:  7: . . . . . . BinaryExpression (
  575:    48:  7: . . . . . . . UnaryExpression (
  575:    48:  7: . . . . . . . . PrimaryExpression (
  575:    48:  7: . . . . . . . . . Operand (
  575:    48:  7: . . . . . . . . . . FuncLit (
  575:    48:  7: . . . . . . . . . . . FuncType (
  575:    48:  7: . . . . . . . . . . . . "func"
  579:    48: 11: . . . . . . . . . . . . FuncParams (
  579:    48: 11: . . . . . . . . . . . . . "("
  580:    48: 12: . . . . . . . . . . . . . IDENT arg1
  584:    48: 16: . . . . . . . . . . . . . ","
  586:    48: 18: . . . . . . . . . . . . . IDENT arg2
  590:    48: 22: . . . . . . . . . . . . . ","
  592:    48: 24: . . . . . . . . . . . . . "..."
  595:    48: 27: . . . . . . . . . . . . . IDENT args
  599:    48: 31: . . . . . . . . . . . . . ";"
  600:    48: 32: . . . . . . . . . . . . . IDENT kw1
  603:    48: 35: . . . . . . . . . . . . . "="
  604:    48: 36: . . . . . . . . . . . . . UnaryExpression (
  604:    48: 36: . . . . . . . . . . . . . . PrimaryExpression (
  604:    48: 36: . . . . . . . . . . . . . . . Operand (
  604:    48: 36: . . . . . . . . . . . . . . . . INT 10
  606:    48: 38: . . . . . . . . . . . . . . . )
  606:    48: 38: . . . . . . . . . . . . . . )
  606:    48: 38: . . . . . . . . . . . . . )
  606:    48: 38: . . . . . . . . . . . . . ","
  607:    48: 39: . . . . . . . . . . . . . IDENT kw2
  610:    48: 42: . . . . . . . . . . . . . "="
  611:    48: 43: . . . . . . . . . . . . . UnaryExpression (
  611:    48: 43: . . . . . . . . . . . . . . PrimaryExpression (
  611:    48: 43: . . . . . . . . . . . . . . . Operand (
  611:    48: 43: . . . . . . . . . . . . . . . . INT 11
  613:    48: 45: . . . . . . . . . . . . . . . )
  613:    48: 45: . . . . . . . . . . . . . . )
  613:    48: 45: . . . . . . . . . . . . . )
  613:    48: 45: . . . . . . . . . . . . . ","
  614:    48: 46: . . . . . . . . . . . . . "..."
  617:    48: 49: . . . . . . . . . . . . . IDENT namedArgs
  626:    48: 58: . . . . . . . . . . . . . ")"
  628:    48: 60: . . . . . . . . . . . . )
  628:    48: 60: . . . . . . . . . . . )
  628:    48: 60: . . . . . . . . . . . Body (
  628:    48: 60: . . . . . . . . . . . . "{"
  631:    49:  2: . . . . . . . . . . . . StatementList (
  631:    49:  2: . . . . . . . . . . . . . Statement (
  631:    49:  2: . . . . . . . . . . . . . . ReturnStmt (
  631:    49:  2: . . . . . . . . . . . . . . . "return"
  638:    49:  9: . . . . . . . . . . . . . . . Expression (
  638:    49:  9: . . . . . . . . . . . . . . . . BinaryExpression (
  638:    49:  9: . . . . . . . . . . . . . . . . . UnaryExpression (
  638:    49:  9: . . . . . . . . . . . . . . . . . . PrimaryExpression (
  638:    49:  9: . . . . . . . . . . . . . . . . . . . Operand (
  638:    49:  9: . . . . . . . . . . . . . . . . . . . . FuncLit (
  638:    49:  9: . . . . . . . . . . . . . . . . . . . . . FuncType (
  638:    49:  9: . . . . . . . . . . . . . . . . . . . . . . "func"
  642:    49: 13: . . . . . . . . . . . . . . . . . . . . . . FuncParams (
  642:    49: 13: . . . . . . . . . . . . . . . . . . . . . . . "("
  643:    49: 14: . . . . . . . . . . . . . . . . . . . . . . . "..."
  646:    49: 17: . . . . . . . . . . . . . . . . . . . . . . . IDENT args
  650:    49: 21: . . . . . . . . . . . . . . . . . . . . . . . ";"
  651:    49: 22: . . . . . . . . . . . . . . . . . . . . . . . "..."
  654:    49: 25: . . . . . . . . . . . . . . . . . . . . . . . IDENT kwargs
  660:    49: 31: . . . . . . . . . . . . . . . . . . . . . . . ")"
  661:    49: 32: . . . . . . . . . . . . . . . . . . . . . . )
  661:    49: 32: . . . . . . . . . . . . . . . . . . . . . )
  661:    49: 32: . . . . . . . . . . . . . . . . . . . . . Body (
  661:    49: 32: . . . . . . . . . . . . . . . . . . . . . . "{"
  662:    49: 33: . . . . . . . . . . . . . . . . . . . . . . StatementList (
  662:    49: 33: . . . . . . . . . . . . . . . . . . . . . . )
  662:    49: 33: . . . . . . . . . . . . . . . . . . . . . . "}"
  663:    49: 34: . . . . . . . . . . . . . . . . . . . . . )
  663:    49: 34: . . . . . . . . . . . . . . . . . . . . )
  663:    49: 34: . . . . . . . . . . . . . . . . . . . )
  663:    49: 34: . . . . . . . . . . . . . . . . . . . Call (
  663:    49: 34: . . . . . . . . . . . . . . . . . . . . "("
  664:    49: 35: . . . . . . . . . . . . . . . . . . . . Expression (
  664:    49: 35: . . . . . . . . . . . . . . . . . . . . . BinaryExpression (
  664:    49: 35: . . . . . . . . . . . . . . . . . . . . . . UnaryExpression (
  664:    49: 35: . . . . . . . . . . . . . . . . . . . . . . . PrimaryExpression (
  664:    49: 35: . . . . . . . . . . . . . . . . . . . . . . . . Operand (
  664:    49: 35: . . . . . . . . . . . . . . . . . . . . . . . . . INT 1
  665:    49: 36: . . . . . . . . . . . . . . . . . . . . . . . . )
  665:    49: 36: . . . . . . . . . . . . . . . . . . . . . . . )
  665:    49: 36: . . . . . . . . . . . . . . . . . . . . . . )
  665:    49: 36: . . . . . . . . . . . . . . . . . . . . . )
  665:    49: 36: . . . . . . . . . . . . . . . . . . . . )
  665:    49: 36: . . . . . . . . . . . . . . . . . . . . ","
  666:    49: 37: . . . . . . . . . . . . . . . . . . . . Expression (
  666:    49: 37: . . . . . . . . . . . . . . . . . . . . . BinaryExpression (
  666:    49: 37: . . . . . . . . . . . . . . . . . . . . . . UnaryExpression (
  666:    49: 37: . . . . . . . . . . . . . . . . . . . . . . . PrimaryExpression (
  666:    49: 37: . . . . . . . . . . . . . . . . . . . . . . . . Operand (
  666:    49: 37: . . . . . . . . . . . . . . . . . . . . . . . . . INT 2
  667:    49: 38: . . . . . . . . . . . . . . . . . . . . . . . . )
  667:    49: 38: . . . . . . . . . . . . . . . . . . . . . . . )
  667:    49: 38: . . . . . . . . . . . . . . . . . . . . . . )
  667:    49: 38: . . . . . . . . . . . . . . . . . . . . . )
  667:    49: 38: . . . . . . . . . . . . . . . . . . . . )
  667:    49: 38: . . . . . . . . . . . . . . . . . . . . ","
  668:    49: 39: . . . . . . . . . . . . . . . . . . . . Expression (
  668:    49: 39: . . . . . . . . . . . . . . . . . . . . . BinaryExpression (
  668:    49: 39: . . . . . . . . . . . . . . . . . . . . . . UnaryExpression (
  668:    49: 39: . . . . . . . . . . . . . . . . . . . . . . . PrimaryExpression (
  668:    49: 39: . . . . . . . . . . . . . . . . . . . . . . . . Operand (
  668:    49: 39: . . . . . . . . . . . . . . . . . . . . . . . . . IDENT a
  669:    49: 40: . . . . . . . . . . . . . . . . . . . . . . . . )
  669:    49: 40: . . . . . . . . . . . . . . . . . . . . . . . )
  669:    49: 40: . . . . . . . . . . . . . . . . . . . . . . )
  669:    49: 40: . . . . . . . . . . . . . . . . . . . . . )
  669:    49: 40: . . . . . . . . . . . . . . . . . . . . )
  669:    49: 40: . . . . . . . . . . . . . . . . . . . . "="
  670:    49: 41: . . . . . . . . . . . . . . . . . . . . Expression (
  670:    49: 41: . . . . . . . . . . . . . . . . . . . . . BinaryExpression (
  670:    49: 41: . . . . . . . . . . . . . . . . . . . . . . UnaryExpression (
  670:    49: 41: . . . . . . . . . . . . . . . . . . . . . . . PrimaryExpression (
  670:    49: 41: . . . . . . . . . . . . . . . . . . . . . . . . Operand (
  670:    49: 41: . . . . . . . . . . . . . . . . . . . . . . . . . INT 1
  671:    49: 42: . . . . . . . . . . . . . . . . . . . . . . . . )
  671:    49: 42: . . . . . . . . . . . . . . . . . . . . . . . )
  671:    49: 42: . . . . . . . . . . . . . . . . . . . . . . )
  671:    49: 42: . . . . . . . . . . . . . . . . . . . . . )
  671:    49: 42: . . . . . . . . . . . . . . . . . . . . )
  671:    49: 42: . . . . . . . . . . . . . . . . . . . . ")"
  672:    49: 43: . . . . . . . . . . . . . . . . . . . )
  672:    49: 43: . . . . . . . . . . . . . . . . . . )
  672:    49: 43: . . . . . . . . . . . . . . . . . )
  672:    49: 43: . . . . . . . . . . . . . . . . )
  672:    49: 43: . . . . . . . . . . . . . . . )
  672:    49: 43: . . . . . . . . . . . . . . . ";"
  673:    50:  1: . . . . . . . . . . . . . . )
  673:    50:  1: . . . . . . . . . . . . . )
  673:    50:  1: . . . . . . . . . . . . )
  673:    50:  1: . . . . . . . . . . . . "}"
  674:    50:  2: . . . . . . . . . . . )
  674:    50:  2: . . . . . . . . . . )
  674:    50:  2: . . . . . . . . . )
  674:    50:  2: . . . . . . . . )
  674:    50:  2: . . . . . . . )
  674:    50:  2: . . . . . . )
  674:    50:  2: . . . . . )
  674:    50:  2: . . . . )
  674:    50:  2: . . . )
  674:    50:  2: . . . ";"
  675:    51:  1: . . )
  675:    51:  1: . . Statement (
  675:    51:  1: . . . SimpleStmt (
  675:    51:  1: . . . . ExpressionList (
  675:    51:  1: . . . . . Expression (
  675:    51:  1: . . . . . . BinaryExpression (
  675:    51:  1: . . . . . . . UnaryExpression (
  675:    51:  1: . . . . . . . . PrimaryExpression (
  675:    51:  1: . . . . . . . . . Operand (
  675:    51:  1: . . . . . . . . . . IDENT f2v
  679:    51:  5: . . . . . . . . . )
  679:    51:  5: . . . . . . . . )
  679:    51:  5: . . . . . . . )
  679:    51:  5: . . . . . . )
  679:    51:  5: . . . . . )
  679:    51:  5: . . . . )
  679:    51:  5: . . . . ":="
  682:    51:  8: . . . . ExpressionList (
  682:    51:  8: . . . . . Expression (
  682:    51:  8: . . . . . . BinaryExpression (
  682:    51:  8: . . . . . . . UnaryExpression (
  682:    51:  8: . . . . . . . . PrimaryExpression (
  682:    51:  8: . . . . . . . . . Operand (
  682:    51:  8: . . . . . . . . . . IDENT f2
  684:    51: 10: . . . . . . . . . )
  684:    51: 10: . . . . . . . . . Call (
  684:    51: 10: . . . . . . . . . . "("
  685:    51: 11: . . . . . . . . . . Expression (
  685:    51: 11: . . . . . . . . . . . BinaryExpression (
  685:    51: 11: . . . . . . . . . . . . UnaryExpression (
  685:    51: 11: . . . . . . . . . . . . . PrimaryExpression (
  685:    51: 11: . . . . . . . . . . . . . . Operand (
  685:    51: 11: . . . . . . . . . . . . . . . INT 1
  686:    51: 12: . . . . . . . . . . . . . . )
  686:    51: 12: . . . . . . . . . . . . . )
  686:    51: 12: . . . . . . . . . . . . )
  686:    51: 12: . . . . . . . . . . . )
  686:    51: 12: . . . . . . . . . . )
  686:    51: 12: . . . . . . . . . . ","
  687:    51: 13: . . . . . . . . . . Expression (
  687:    51: 13: . . . . . . . . . . . BinaryExpression (
  687:    51: 13: . . . . . . . . . . . . UnaryExpression (
  687:    51: 13: . . . . . . . . . . . . . PrimaryExpression (
  687:    51: 13: . . . . . . . . . . . . . . Operand (
  687:    51: 13: . . . . . . . . . . . . . . . INT 2
  688:    51: 14: . . . . . . . . . . . . . . )
  688:    51: 14: . . . . . . . . . . . . . )
  688:    51: 14: . . . . . . . . . . . . )
  688:    51: 14: . . . . . . . . . . . )
  688:    51: 14: . . . . . . . . . . )
  688:    51: 14: . . . . . . . . . . ","
  689:    51: 15: . . . . . . . . . . Expression (
  689:    51: 15: . . . . . . . . . . . BinaryExpression (
  689:    51: 15: . . . . . . . . . . . . UnaryExpression (
  689:    51: 15: . . . . . . . . . . . . . PrimaryExpression (
  689:    51: 15: . . . . . . . . . . . . . . Operand (
  689:    51: 15: . . . . . . . . . . . . . . . INT 3
  690:    51: 16: . . . . . . . . . . . . . . )
  690:    51: 16: . . . . . . . . . . . . . )
  690:    51: 16: . . . . . . . . . . . . )
  690:    51: 16: . . . . . . . . . . . )
  690:    51: 16: . . . . . . . . . . )
  690:    51: 16: . . . . . . . . . . ","
  691:    51: 17: . . . . . . . . . . Expression (
  691:    51: 17: . . . . . . . . . . . BinaryExpression (
  691:    51: 17: . . . . . . . . . . . . UnaryExpression (
  691:    51: 17: . . . . . . . . . . . . . PrimaryExpression (
  691:    51: 17: . . . . . . . . . . . . . . Operand (
  691:    51: 17: . . . . . . . . . . . . . . . INT 4
  692:    51: 18: . . . . . . . . . . . . . . )
  692:    51: 18: . . . . . . . . . . . . . )
  692:    51: 18: . . . . . . . . . . . . )
  692:    51: 18: . . . . . . . . . . . )
  692:    51: 18: . . . . . . . . . . )
  692:    51: 18: . . . . . . . . . . ","
  693:    51: 19: . . . . . . . . . . "..."
  696:    51: 22: . . . . . . . . . . Expression (
  696:    51: 22: . . . . . . . . . . . BinaryExpression (
  696:    51: 22: . . . . . . . . . . . . UnaryExpression (
  696:    51: 22: . . . . . . . . . . . . . PrimaryExpression (
  696:    51: 22: . . . . . . . . . . . . . . Operand (
  696:    51: 22: . . . . . . . . . . . . . . . ArrayLit (
  696:    51: 22: . . . . . . . . . . . . . . . . "["
  697:    51: 23: . . . . . . . . . . . . . . . . Expression (
  697:    51: 23: . . . . . . . . . . . . . . . . . BinaryExpression (
  697:    51: 23: . . . . . . . . . . . . . . . . . . UnaryExpression (
  697:    51: 23: . . . . . . . . . . . . . . . . . . . PrimaryExpression (
  697:    51: 23: . . . . . . . . . . . . . . . . . . . . Operand (
  697:    51: 23: . . . . . . . . . . . . . . . . . . . . . INT 5
  698:    51: 24: . . . . . . . . . . . . . . . . . . . . )
  698:    51: 24: . . . . . . . . . . . . . . . . . . . )
  698:    51: 24: . . . . . . . . . . . . . . . . . . )
  698:    51: 24: . . . . . . . . . . . . . . . . . )
  698:    51: 24: . . . . . . . . . . . . . . . . )
  698:    51: 24: . . . . . . . . . . . . . . . . ","
  699:    51: 25: . . . . . . . . . . . . . . . . Expression (
  699:    51: 25: . . . . . . . . . . . . . . . . . BinaryExpression (
  699:    51: 25: . . . . . . . . . . . . . . . . . . UnaryExpression (
  699:    51: 25: . . . . . . . . . . . . . . . . . . . PrimaryExpression (
  699:    51: 25: . . . . . . . . . . . . . . . . . . . . Operand (
  699:    51: 25: . . . . . . . . . . . . . . . . . . . . . INT 6
  700:    51: 26: . . . . . . . . . . . . . . . . . . . . )
  700:    51: 26: . . . . . . . . . . . . . . . . . . . )
  700:    51: 26: . . . . . . . . . . . . . . . . . . )
  700:    51: 26: . . . . . . . . . . . . . . . . . )
  700:    51: 26: . . . . . . . . . . . . . . . . )
  700:    51: 26: . . . . . . . . . . . . . . . . "]"
  701:    51: 27: . . . . . . . . . . . . . . . )
  701:    51: 27: . . . . . . . . . . . . . . )
  701:    51: 27: . . . . . . . . . . . . . )
  701:    51: 27: . . . . . . . . . . . . )
  701:    51: 27: . . . . . . . . . . . )
  701:    51: 27: . . . . . . . . . . )
  701:    51: 27: . . . . . . . . . . ","
  702:    51: 28: . . . . . . . . . . PrimaryExpression (
  702:    51: 28: . . . . . . . . . . . Operand (
  702:    51: 28: . . . . . . . . . . . . IDENT kw1
  705:    51: 31: . . . . . . . . . . . )
  705:    51: 31: . . . . . . . . . . )
  705:    51: 31: . . . . . . . . . . "="
  706:    51: 32: . . . . . . . . . . Expression (
  706:    51: 32: . . . . . . . . . . . BinaryExpression (
  706:    51: 32: . . . . . . . . . . . . UnaryExpression (
  706:    51: 32: . . . . . . . . . . . . . PrimaryExpression (
  706:    51: 32: . . . . . . . . . . . . . . Operand (
  706:    51: 32: . . . . . . . . . . . . . . . INT 7
  707:    51: 33: . . . . . . . . . . . . . . )
  707:    51: 33: . . . . . . . . . . . . . )
  707:    51: 33: . . . . . . . . . . . . )
  707:    51: 33: . . . . . . . . . . . )
  707:    51: 33: . . . . . . . . . . )
  707:    51: 33: . . . . . . . . . . ","
  708:    51: 34: . . . . . . . . . . PrimaryExpression (
  708:    51: 34: . . . . . . . . . . . Operand (
  708:    51: 34: . . . . . . . . . . . . IDENT kw2
  711:    51: 37: . . . . . . . . . . . )
  711:    51: 37: . . . . . . . . . . )
  711:    51: 37: . . . . . . . . . . "="
  712:    51: 38: . . . . . . . . . . Expression (
  712:    51: 38: . . . . . . . . . . . BinaryExpression (
  712:    51: 38: . . . . . . . . . . . . UnaryExpression (
  712:    51: 38: . . . . . . . . . . . . . PrimaryExpression (
  712:    51: 38: . . . . . . . . . . . . . . Operand (
  712:    51: 38: . . . . . . . . . . . . . . . INT 8
  713:    51: 39: . . . . . . . . . . . . . . )
  713:    51: 39: . . . . . . . . . . . . . )
  713:    51: 39: . . . . . . . . . . . . )
  713:    51: 39: . . . . . . . . . . . )
  713:    51: 39: . . . . . . . . . . )
  713:    51: 39: . . . . . . . . . . ","
  714:    51: 40: . . . . . . . . . . PrimaryExpression (
  714:    51: 40: . . . . . . . . . . . Operand (
  714:    51: 40: . . . . . . . . . . . . STRING "kw3"
  719:    51: 45: . . . . . . . . . . . )
  719:    51: 45: . . . . . . . . . . )
  719:    51: 45: . . . . . . . . . . "="
  720:    51: 46: . . . . . . . . . . Expression (
  720:    51: 46: . . . . . . . . . . . BinaryExpression (
  720:    51: 46: . . . . . . . . . . . . UnaryExpression (
  720:    51: 46: . . . . . . . . . . . . . PrimaryExpression (
  720:    51: 46: . . . . . . . . . . . . . . Operand (
  720:    51: 46: . . . . . . . . . . . . . . . INT 9
  721:    51: 47: . . . . . . . . . . . . . . )
  721:    51: 47: . . . . . . . . . . . . . )
  721:    51: 47: . . . . . . . . . . . . )
  721:    51: 47: . . . . . . . . . . . )
  721:    51: 47: . . . . . . . . . . )
  721:    51: 47: . . . . . . . . . . ","
  722:    51: 48: . . . . . . . . . . "..."
  725:    51: 51: . . . . . . . . . . Expression (
  725:    51: 51: . . . . . . . . . . . BinaryExpression (
  725:    51: 51: . . . . . . . . . . . . UnaryExpression (
  725:    51: 51: . . . . . . . . . . . . . PrimaryExpression (
  725:    51: 51: . . . . . . . . . . . . . . Operand (
  725:    51: 51: . . . . . . . . . . . . . . . MapLit (
  725:    51: 51: . . . . . . . . . . . . . . . . "{"
  726:    51: 52: . . . . . . . . . . . . . . . . MapElementLit (
  726:    51: 52: . . . . . . . . . . . . . . . . . IDENT kw4
  729:    51: 55: . . . . . . . . . . . . . . . . . ":"
  730:    51: 56: . . . . . . . . . . . . . . . . . Expression (
  730:    51: 56: . . . . . . . . . . . . . . . . . . BinaryExpression (
  730:    51: 56: . . . . . . . . . . . . . . . . . . . UnaryExpression (
  730:    51: 56: . . . . . . . . . . . . . . . . . . . . PrimaryExpression (
  730:    51: 56: . . . . . . . . . . . . . . . . . . . . . Operand (
  730:    51: 56: . . . . . . . . . . . . . . . . . . . . . . INT 10
  732:    51: 58: . . . . . . . . . . . . . . . . . . . . . )
  732:    51: 58: . . . . . . . . . . . . . . . . . . . . )
  732:    51: 58: . . . . . . . . . . . . . . . . . . . )
  732:    51: 58: . . . . . . . . . . . . . . . . . . )
  732:    51: 58: . . . . . . . . . . . . . . . . . )
  732:    51: 58: . . . . . . . . . . . . . . . . )
  732:    51: 58: . . . . . . . . . . . . . . . . ","
  733:    51: 59: . . . . . . . . . . . . . . . . MapElementLit (
  733:    51: 59: . . . . . . . . . . . . . . . . . IDENT kw5
  736:    51: 62: . . . . . . . . . . . . . . . . . ":"
  737:    51: 63: . . . . . . . . . . . . . . . . . Expression (
  737:    51: 63: . . . . . . . . . . . . . . . . . . BinaryExpression (
  737:    51: 63: . . . . . . . . . . . . . . . . . . . UnaryExpression (
  737:    51: 63: . . . . . . . . . . . . . . . . . . . . PrimaryExpression (
  737:    51: 63: . . . . . . . . . . . . . . . . . . . . . Operand (
  737:    51: 63: . . . . . . . . . . . . . . . . . . . . . . INT 11
  739:    51: 65: . . . . . . . . . . . . . . . . . . . . . )
  739:    51: 65: . . . . . . . . . . . . . . . . . . . . )
  739:    51: 65: . . . . . . . . . . . . . . . . . . . )
  739:    51: 65: . . . . . . . . . . . . . . . . . . )
  739:    51: 65: . . . . . . . . . . . . . . . . . )
  739:    51: 65: . . . . . . . . . . . . . . . . )
  739:    51: 65: . . . . . . . . . . . . . . . . "}"
  740:    51: 66: . . . . . . . . . . . . . . . )
  740:    51: 66: . . . . . . . . . . . . . . )
  740:    51: 66: . . . . . . . . . . . . . )
  740:    51: 66: . . . . . . . . . . . . )
  740:    51: 66: . . . . . . . . . . . )
  740:    51: 66: . . . . . . . . . . )
  740:    51: 66: . . . . . . . . . . ")"
  741:    51: 67: . . . . . . . . . )
  741:    51: 67: . . . . . . . . )
  741:    51: 67: . . . . . . . )
  741:    51: 67: . . . . . . )
  741:    51: 67: . . . . . )
  741:    51: 67: . . . . )
  741:    51: 67: . . . )
  741:    51: 67: . . . ";"
  742:    52:  1: . . )
  742:    52:  1: . . Statement (
  742:    52:  1: . . . SimpleStmt (
  742:    52:  1: . . . . ExpressionList (
  742:    52:  1: . . . . . Expression (
  742:    52:  1: . . . . . . BinaryExpression (
  742:    52:  1: . . . . . . . UnaryExpression (
  742:    52:  1: . . . . . . . . PrimaryExpression (
  742:    52:  1: . . . . . . . . . Operand (
  742:    52:  1: . . . . . . . . . . IDENT f2
  744:    52:  3: . . . . . . . . . )
  744:    52:  3: . . . . . . . . . Call (
  744:    52:  3: . . . . . . . . . . "("
  745:    52:  4: . . . . . . . . . . "..."
  748:    52:  7: . . . . . . . . . . Expression (
  748:    52:  7: . . . . . . . . . . . BinaryExpression (
  748:    52:  7: . . . . . . . . . . . . UnaryExpression (
  748:    52:  7: . . . . . . . . . . . . . PrimaryExpression (
  748:    52:  7: . . . . . . . . . . . . . . Operand (
  748:    52:  7: . . . . . . . . . . . . . . . ArrayLit (
  748:    52:  7: . . . . . . . . . . . . . . . . "["
  749:    52:  8: . . . . . . . . . . . . . . . . Expression (
  749:    52:  8: . . . . . . . . . . . . . . . . . BinaryExpression (
  749:    52:  8: . . . . . . . . . . . . . . . . . . UnaryExpression (
  749:    52:  8: . . . . . . . . . . . . . . . . . . . PrimaryExpression (
  749:    52:  8: . . . . . . . . . . . . . . . . . . . . Operand (
  749:    52:  8: . . . . . . . . . . . . . . . . . . . . . INT 5
  750:    52:  9: . . . . . . . . . . . . . . . . . . . . )
  750:    52:  9: . . . . . . . . . . . . . . . . . . . )
  750:    52:  9: . . . . . . . . . . . . . . . . . . )
  750:    52:  9: . . . . . . . . . . . . . . . . . )
  750:    52:  9: . . . . . . . . . . . . . . . . )
  750:    52:  9: . . . . . . . . . . . . . . . . ","
  751:    52: 10: . . . . . . . . . . . . . . . . Expression (
  751:    52: 10: . . . . . . . . . . . . . . . . . BinaryExpression (
  751:    52: 10: . . . . . . . . . . . . . . . . . . UnaryExpression (
  751:    52: 10: . . . . . . . . . . . . . . . . . . . PrimaryExpression (
  751:    52: 10: . . . . . . . . . . . . . . . . . . . . Operand (
  751:    52: 10: . . . . . . . . . . . . . . . . . . . . . INT 6
  752:    52: 11: . . . . . . . . . . . . . . . . . . . . )
  752:    52: 11: . . . . . . . . . . . . . . . . . . . )
  752:    52: 11: . . . . . . . . . . . . . . . . . . )
  752:    52: 11: . . . . . . . . . . . . . . . . . )
  752:    52: 11: . . . . . . . . . . . . . . . . )
  752:    52: 11: . . . . . . . . . . . . . . . . "]"
  753:    52: 12: . . . . . . . . . . . . . . . )
  753:    52: 12: . . . . . . . . . . . . . . )
  753:    52: 12: . . . . . . . . . . . . . )
  753:    52: 12: . . . . . . . . . . . . )
  753:    52: 12: . . . . . . . . . . . )
  753:    52: 12: . . . . . . . . . . )
  753:    52: 12: . . . . . . . . . . ","
  754:    52: 13: . . . . . . . . . . PrimaryExpression (
  754:    52: 13: . . . . . . . . . . . Operand (
  754:    52: 13: . . . . . . . . . . . . IDENT kw1
  757:    52: 16: . . . . . . . . . . . )
  757:    52: 16: . . . . . . . . . . )
  757:    52: 16: . . . . . . . . . . "="
  758:    52: 17: . . . . . . . . . . Expression (
  758:    52: 17: . . . . . . . . . . . BinaryExpression (
  758:    52: 17: . . . . . . . . . . . . UnaryExpression (
  758:    52: 17: . . . . . . . . . . . . . PrimaryExpression (
  758:    52: 17: . . . . . . . . . . . . . . Operand (
  758:    52: 17: . . . . . . . . . . . . . . . INT 7
  759:    52: 18: . . . . . . . . . . . . . . )
  759:    52: 18: . . . . . . . . . . . . . )
  759:    52: 18: . . . . . . . . . . . . )
  759:    52: 18: . . . . . . . . . . . )
  759:    52: 18: . . . . . . . . . . )
  759:    52: 18: . . . . . . . . . . ","
  760:    52: 19: . . . . . . . . . . "..."
  763:    52: 22: . . . . . . . . . . Expression (
  763:    52: 22: . . . . . . . . . . . BinaryExpression (
  763:    52: 22: . . . . . . . . . . . . UnaryExpression (
  763:    52: 22: . . . . . . . . . . . . . PrimaryExpression (
  763:    52: 22: . . . . . . . . . . . . . . Operand (
  763:    52: 22: . . . . . . . . . . . . . . . MapLit (
  763:    52: 22: . . . . . . . . . . . . . . . . "{"
  764:    52: 23: . . . . . . . . . . . . . . . . MapElementLit (
  764:    52: 23: . . . . . . . . . . . . . . . . . IDENT kw4
  767:    52: 26: . . . . . . . . . . . . . . . . . ":"
  768:    52: 27: . . . . . . . . . . . . . . . . . Expression (
  768:    52: 27: . . . . . . . . . . . . . . . . . . BinaryExpression (
  768:    52: 27: . . . . . . . . . . . . . . . . . . . UnaryExpression (
  768:    52: 27: . . . . . . . . . . . . . . . . . . . . PrimaryExpression (
  768:    52: 27: . . . . . . . . . . . . . . . . . . . . . Operand (
  768:    52: 27: . . . . . . . . . . . . . . . . . . . . . . INT 10
  770:    52: 29: . . . . . . . . . . . . . . . . . . . . . )
  770:    52: 29: . . . . . . . . . . . . . . . . . . . . )
  770:    52: 29: . . . . . . . . . . . . . . . . . . . )
  770:    52: 29: . . . . . . . . . . . . . . . . . . )
  770:    52: 29: . . . . . . . . . . . . . . . . . )
  770:    52: 29: . . . . . . . . . . . . . . . . )
  770:    52: 29: . . . . . . . . . . . . . . . . ","
  771:    52: 30: . . . . . . . . . . . . . . . . MapElementLit (
  771:    52: 30: . . . . . . . . . . . . . . . . . IDENT kw5
  774:    52: 33: . . . . . . . . . . . . . . . . . ":"
  775:    52: 34: . . . . . . . . . . . . . . . . . Expression (
  775:    52: 34: . . . . . . . . . . . . . . . . . . BinaryExpression (
  775:    52: 34: . . . . . . . . . . . . . . . . . . . UnaryExpression (
  775:    52: 34: . . . . . . . . . . . . . . . . . . . . PrimaryExpression (
  775:    52: 34: . . . . . . . . . . . . . . . . . . . . . Operand (
  775:    52: 34: . . . . . . . . . . . . . . . . . . . . . . INT 11
  777:    52: 36: . . . . . . . . . . . . . . . . . . . . . )
  777:    52: 36: . . . . . . . . . . . . . . . . . . . . )
  777:    52: 36: . . . . . . . . . . . . . . . . . . . )
  777:    52: 36: . . . . . . . . . . . . . . . . . . )
  777:    52: 36: . . . . . . . . . . . . . . . . . )
  777:    52: 36: . . . . . . . . . . . . . . . . )
  777:    52: 36: . . . . . . . . . . . . . . . . "}"
  778:    52: 37: . . . . . . . . . . . . . . . )
  778:    52: 37: . . . . . . . . . . . . . . )
  778:    52: 37: . . . . . . . . . . . . . )
  778:    52: 37: . . . . . . . . . . . . )
  778:    52: 37: . . . . . . . . . . . )
  778:    52: 37: . . . . . . . . . . )
  778:    52: 37: . . . . . . . . . . ")"
  779:    52: 38: . . . . . . . . . )
  779:    52: 38: . . . . . . . . )
  779:    52: 38: . . . . . . . )
  779:    52: 38: . . . . . . )
  779:    52: 38: . . . . . )
  779:    52: 38: . . . . )
  779:    52: 38: . . . )
  779:    52: 38: . . . ";"
  780:    53:  1: . . )
  780:    53:  1: . . Statement (
  780:    53:  1: . . . SimpleStmt (
  780:    53:  1: . . . . ExpressionList (
  780:    53:  1: . . . . . Expression (
  780:    53:  1: . . . . . . BinaryExpression (
  780:    53:  1: . . . . . . . UnaryExpression (
  780:    53:  1: . . . . . . . . PrimaryExpression (
  780:    53:  1: . . . . . . . . . Operand (
  780:    53:  1: . . . . . . . . . . IDENT f2
  782:    53:  3: . . . . . . . . . )
  782:    53:  3: . . . . . . . . . Call (
  782:    53:  3: . . . . . . . . . . "("
  783:    53:  4: . . . . . . . . . . "..."
  786:    53:  7: . . . . . . . . . . Expression (
  786:    53:  7: . . . . . . . . . . . BinaryExpression (
  786:    53:  7: . . . . . . . . . . . . UnaryExpression (
  786:    53:  7: . . . . . . . . . . . . . PrimaryExpression (
  786:    53:  7: . . . . . . . . . . . . . . Operand (
  786:    53:  7: . . . . . . . . . . . . . . . ArrayLit (
  786:    53:  7: . . . . . . . . . . . . . . . . "["
  787:    53:  8: . . . . . . . . . . . . . . . . Expression (
  787:    53:  8: . . . . . . . . . . . . . . . . . BinaryExpression (
  787:    53:  8: . . . . . . . . . . . . . . . . . . UnaryExpression (
  787:    53:  8: . . . . . . . . . . . . . . . . . . . PrimaryExpression (
  787:    53:  8: . . . . . . . . . . . . . . . . . . . . Operand (
  787:    53:  8: . . . . . . . . . . . . . . . . . . . . . INT 5
  788:    53:  9: . . . . . . . . . . . . . . . . . . . . )
  788:    53:  9: . . . . . . . . . . . . . . . . . . . )
  788:    53:  9: . . . . . . . . . . . . . . . . . . )
  788:    53:  9: . . . . . . . . . . . . . . . . . )
  788:    53:  9: . . . . . . . . . . . . . . . . )
  788:    53:  9: . . . . . . . . . . . . . . . . ","
  789:    53: 10: . . . . . . . . . . . . . . . . Expression (
  789:    53: 10: . . . . . . . . . . . . . . . . . BinaryExpression (
  789:    53: 10: . . . . . . . . . . . . . . . . . . UnaryExpression (
  789:    53: 10: . . . . . . . . . . . . . . . . . . . PrimaryExpression (
  789:    53: 10: . . . . . . . . . . . . . . . . . . . . Operand (
  789:    53: 10: . . . . . . . . . . . . . . . . . . . . . INT 6
  790:    53: 11: . . . . . . . . . . . . . . . . . . . . )
  790:    53: 11: . . . . . . . . . . . . . . . . . . . )
  790:    53: 11: . . . . . . . . . . . . . . . . . . )
  790:    53: 11: . . . . . . . . . . . . . . . . . )
  790:    53: 11: . . . . . . . . . . . . . . . . )
  790:    53: 11: . . . . . . . . . . . . . . . . "]"
  791:    53: 12: . . . . . . . . . . . . . . . )
  791:    53: 12: . . . . . . . . . . . . . . )
  791:    53: 12: . . . . . . . . . . . . . )
  791:    53: 12: . . . . . . . . . . . . )
  791:    53: 12: . . . . . . . . . . . )
  791:    53: 12: . . . . . . . . . . )
  791:    53: 12: . . . . . . . . . . ","
  792:    53: 13: . . . . . . . . . . "..."
  795:    53: 16: . . . . . . . . . . Expression (
  795:    53: 16: . . . . . . . . . . . BinaryExpression (
  795:    53: 16: . . . . . . . . . . . . UnaryExpression (
  795:    53: 16: . . . . . . . . . . . . . PrimaryExpression (
  795:    53: 16: . . . . . . . . . . . . . . Operand (
  795:    53: 16: . . . . . . . . . . . . . . . MapLit (
  795:    53: 16: . . . . . . . . . . . . . . . . "{"
  796:    53: 17: . . . . . . . . . . . . . . . . MapElementLit (
  796:    53: 17: . . . . . . . . . . . . . . . . . IDENT kw4
  799:    53: 20: . . . . . . . . . . . . . . . . . ":"
  800:    53: 21: . . . . . . . . . . . . . . . . . Expression (
  800:    53: 21: . . . . . . . . . . . . . . . . . . BinaryExpression (
  800:    53: 21: . . . . . . . . . . . . . . . . . . . UnaryExpression (
  800:    53: 21: . . . . . . . . . . . . . . . . . . . . PrimaryExpression (
  800:    53: 21: . . . . . . . . . . . . . . . . . . . . . Operand (
  800:    53: 21: . . . . . . . . . . . . . . . . . . . . . . INT 10
  802:    53: 23: . . . . . . . . . . . . . . . . . . . . . )
  802:    53: 23: . . . . . . . . . . . . . . . . . . . . )
  802:    53: 23: . . . . . . . . . . . . . . . . . . . )
  802:    53: 23: . . . . . . . . . . . . . . . . . . )
  802:    53: 23: . . . . . . . . . . . . . . . . . )
  802:    53: 23: . . . . . . . . . . . . . . . . )
  802:    53: 23: . . . . . . . . . . . . . . . . ","
  803:    53: 24: . . . . . . . . . . . . . . . . MapElementLit (
  803:    53: 24: . . . . . . . . . . . . . . . . . IDENT kw5
  806:    53: 27: . . . . . . . . . . . . . . . . . ":"
  807:    53: 28: . . . . . . . . . . . . . . . . . Expression (
  807:    53: 28: . . . . . . . . . . . . . . . . . . BinaryExpression (
  807:    53: 28: . . . . . . . . . . . . . . . . . . . UnaryExpression (
  807:    53: 28: . . . . . . . . . . . . . . . . . . . . PrimaryExpression (
  807:    53: 28: . . . . . . . . . . . . . . . . . . . . . Operand (
  807:    53: 28: . . . . . . . . . . . . . . . . . . . . . . INT 11
  809:    53: 30: . . . . . . . . . . . . . . . . . . . . . )
  809:    53: 30: . . . . . . . . . . . . . . . . . . . . )
  809:    53: 30: . . . . . . . . . . . . . . . . . . . )
  809:    53: 30: . . . . . . . . . . . . . . . . . . )
  809:    53: 30: . . . . . . . . . . . . . . . . . )
  809:    53: 30: . . . . . . . . . . . . . . . . )
  809:    53: 30: . . . . . . . . . . . . . . . . "}"
  810:    53: 31: . . . . . . . . . . . . . . . )
  810:    53: 31: . . . . . . . . . . . . . . )
  810:    53: 31: . . . . . . . . . . . . . )
  810:    53: 31: . . . . . . . . . . . . )
  810:    53: 31: . . . . . . . . . . . )
  810:    53: 31: . . . . . . . . . . )
  810:    53: 31: . . . . . . . . . . ")"
  811:    53: 32: . . . . . . . . . )
  811:    53: 32: . . . . . . . . )
  811:    53: 32: . . . . . . . )
  811:    53: 32: . . . . . . )
  811:    53: 32: . . . . . )
  811:    53: 32: . . . . )
  811:    53: 32: . . . )
  811:    53: 32: . . . ";"
  812:    53: 33: . . )
  812:    53: 33: . )
  812:    53: 33: . EOF
  812:    53: 33: )
